<!doctype html public "-//w3c//dtd html 4.0 transitional//en">
<html><head>
<title>Static Call Graph - [template\template.axf]</title></head>
<body><HR>
<H1>Static Call Graph for image template\template.axf</H1><HR>
<BR><P>#&#060CALLGRAPH&#062# ARM Linker, 5060960: Last Updated: Thu Dec 18 16:38:36 2025
<BR><P>
<H3>Maximum Stack Usage =          0 bytes + Unknown(Cycles, Untraceable Function Pointers)</H3><H3>
Call chain for Maximum Stack Depth:</H3>

<P>
<H3>
Mutually Recursive functions
</H3> <LI><a href="#[34]">CAN1_RX0_IRQHandler</a>&nbsp;&nbsp;&nbsp;&rArr;&nbsp;&nbsp;&nbsp;<a href="#[34]">CAN1_RX0_IRQHandler</a><BR>
 <LI><a href="#[383]">touchgfx::muldivu(unsigned, unsigned, unsigned, unsigned&)</a>&nbsp;&nbsp;&nbsp;&rArr;&nbsp;&nbsp;&nbsp;<a href="#[383]">touchgfx::muldivu(unsigned, unsigned, unsigned, unsigned&)</a><BR>
 <LI><a href="#[348]">touchgfx::TouchCalibration::muldivu(unsigned, unsigned, unsigned, unsigned, unsigned, unsigned&)</a>&nbsp;&nbsp;&nbsp;&rArr;&nbsp;&nbsp;&nbsp;<a href="#[348]">touchgfx::TouchCalibration::muldivu(unsigned, unsigned, unsigned, unsigned, unsigned, unsigned&)</a><BR>
 <LI><a href="#[382]">touchgfx::Screen::JSMOC(const touchgfx::Rect&, touchgfx::Drawable*)</a>&nbsp;&nbsp;&nbsp;&rArr;&nbsp;&nbsp;&nbsp;<a href="#[382]">touchgfx::Screen::JSMOC(const touchgfx::Rect&, touchgfx::Drawable*)</a><BR>
 <LI><a href="#[385]">touchgfx::CWRUtil::length(touchgfx::CWRUtil::Q5, touchgfx::CWRUtil::Q5)</a>&nbsp;&nbsp;&nbsp;&rArr;&nbsp;&nbsp;&nbsp;<a href="#[385]">touchgfx::CWRUtil::length(touchgfx::CWRUtil::Q5, touchgfx::CWRUtil::Q5)</a><BR>
</UL>
<P>
<H3>
Function Pointers
</H3><UL>
 <LI><a href="#[7f]">ADC_DMAConvCplt</a> from stm32f4xx_hal_adc.o(i.ADC_DMAConvCplt) referenced from stm32f4xx_hal_adc.o(i.HAL_ADC_Start_DMA)
 <LI><a href="#[81]">ADC_DMAError</a> from stm32f4xx_hal_adc.o(i.ADC_DMAError) referenced from stm32f4xx_hal_adc.o(i.HAL_ADC_Start_DMA)
 <LI><a href="#[80]">ADC_DMAHalfConvCplt</a> from stm32f4xx_hal_adc.o(i.ADC_DMAHalfConvCplt) referenced from stm32f4xx_hal_adc.o(i.HAL_ADC_Start_DMA)
 <LI><a href="#[32]">ADC_IRQHandler</a> from stm32f4xx_it.o(i.ADC_IRQHandler) referenced from startup_stm32f429xx.o(RESET)
 <LI><a href="#[1a]">BusFault_Handler</a> from stm32f4xx_it.o(i.BusFault_Handler) referenced from startup_stm32f429xx.o(RESET)
 <LI><a href="#[34]">CAN1_RX0_IRQHandler</a> from startup_stm32f429xx.o(.text) referenced from startup_stm32f429xx.o(RESET)
 <LI><a href="#[35]">CAN1_RX1_IRQHandler</a> from startup_stm32f429xx.o(.text) referenced from startup_stm32f429xx.o(RESET)
 <LI><a href="#[36]">CAN1_SCE_IRQHandler</a> from startup_stm32f429xx.o(.text) referenced from startup_stm32f429xx.o(RESET)
 <LI><a href="#[33]">CAN1_TX_IRQHandler</a> from startup_stm32f429xx.o(.text) referenced from startup_stm32f429xx.o(RESET)
 <LI><a href="#[60]">CAN2_RX0_IRQHandler</a> from startup_stm32f429xx.o(.text) referenced from startup_stm32f429xx.o(RESET)
 <LI><a href="#[61]">CAN2_RX1_IRQHandler</a> from startup_stm32f429xx.o(.text) referenced from startup_stm32f429xx.o(RESET)
 <LI><a href="#[62]">CAN2_SCE_IRQHandler</a> from startup_stm32f429xx.o(.text) referenced from startup_stm32f429xx.o(RESET)
 <LI><a href="#[5f]">CAN2_TX_IRQHandler</a> from startup_stm32f429xx.o(.text) referenced from startup_stm32f429xx.o(RESET)
 <LI><a href="#[6e]">DCMI_IRQHandler</a> from startup_stm32f429xx.o(.text) referenced from startup_stm32f429xx.o(RESET)
 <LI><a href="#[2b]">DMA1_Stream0_IRQHandler</a> from startup_stm32f429xx.o(.text) referenced from startup_stm32f429xx.o(RESET)
 <LI><a href="#[2c]">DMA1_Stream1_IRQHandler</a> from startup_stm32f429xx.o(.text) referenced from startup_stm32f429xx.o(RESET)
 <LI><a href="#[2d]">DMA1_Stream2_IRQHandler</a> from startup_stm32f429xx.o(.text) referenced from startup_stm32f429xx.o(RESET)
 <LI><a href="#[2e]">DMA1_Stream3_IRQHandler</a> from startup_stm32f429xx.o(.text) referenced from startup_stm32f429xx.o(RESET)
 <LI><a href="#[2f]">DMA1_Stream4_IRQHandler</a> from startup_stm32f429xx.o(.text) referenced from startup_stm32f429xx.o(RESET)
 <LI><a href="#[30]">DMA1_Stream5_IRQHandler</a> from startup_stm32f429xx.o(.text) referenced from startup_stm32f429xx.o(RESET)
 <LI><a href="#[31]">DMA1_Stream6_IRQHandler</a> from startup_stm32f429xx.o(.text) referenced from startup_stm32f429xx.o(RESET)
 <LI><a href="#[4f]">DMA1_Stream7_IRQHandler</a> from startup_stm32f429xx.o(.text) referenced from startup_stm32f429xx.o(RESET)
 <LI><a href="#[79]">DMA2D_IRQHandler</a> from stm32f4xx_it.o(i.DMA2D_IRQHandler) referenced from startup_stm32f429xx.o(RESET)
 <LI><a href="#[58]">DMA2_Stream0_IRQHandler</a> from stm32f4xx_it.o(i.DMA2_Stream0_IRQHandler) referenced from startup_stm32f429xx.o(RESET)
 <LI><a href="#[59]">DMA2_Stream1_IRQHandler</a> from startup_stm32f429xx.o(.text) referenced from startup_stm32f429xx.o(RESET)
 <LI><a href="#[5a]">DMA2_Stream2_IRQHandler</a> from startup_stm32f429xx.o(.text) referenced from startup_stm32f429xx.o(RESET)
 <LI><a href="#[5b]">DMA2_Stream3_IRQHandler</a> from startup_stm32f429xx.o(.text) referenced from startup_stm32f429xx.o(RESET)
 <LI><a href="#[5c]">DMA2_Stream4_IRQHandler</a> from startup_stm32f429xx.o(.text) referenced from startup_stm32f429xx.o(RESET)
 <LI><a href="#[64]">DMA2_Stream5_IRQHandler</a> from startup_stm32f429xx.o(.text) referenced from startup_stm32f429xx.o(RESET)
 <LI><a href="#[65]">DMA2_Stream6_IRQHandler</a> from startup_stm32f429xx.o(.text) referenced from startup_stm32f429xx.o(RESET)
 <LI><a href="#[66]">DMA2_Stream7_IRQHandler</a> from startup_stm32f429xx.o(.text) referenced from startup_stm32f429xx.o(RESET)
 <LI><a href="#[1d]">DebugMon_Handler</a> from stm32f4xx_it.o(i.DebugMon_Handler) referenced from startup_stm32f429xx.o(RESET)
 <LI><a href="#[5d]">ETH_IRQHandler</a> from startup_stm32f429xx.o(.text) referenced from startup_stm32f429xx.o(RESET)
 <LI><a href="#[5e]">ETH_WKUP_IRQHandler</a> from startup_stm32f429xx.o(.text) referenced from startup_stm32f429xx.o(RESET)
 <LI><a href="#[26]">EXTI0_IRQHandler</a> from startup_stm32f429xx.o(.text) referenced from startup_stm32f429xx.o(RESET)
 <LI><a href="#[48]">EXTI15_10_IRQHandler</a> from startup_stm32f429xx.o(.text) referenced from startup_stm32f429xx.o(RESET)
 <LI><a href="#[27]">EXTI1_IRQHandler</a> from startup_stm32f429xx.o(.text) referenced from startup_stm32f429xx.o(RESET)
 <LI><a href="#[28]">EXTI2_IRQHandler</a> from startup_stm32f429xx.o(.text) referenced from startup_stm32f429xx.o(RESET)
 <LI><a href="#[29]">EXTI3_IRQHandler</a> from startup_stm32f429xx.o(.text) referenced from startup_stm32f429xx.o(RESET)
 <LI><a href="#[2a]">EXTI4_IRQHandler</a> from startup_stm32f429xx.o(.text) referenced from startup_stm32f429xx.o(RESET)
 <LI><a href="#[37]">EXTI9_5_IRQHandler</a> from startup_stm32f429xx.o(.text) referenced from startup_stm32f429xx.o(RESET)
 <LI><a href="#[24]">FLASH_IRQHandler</a> from startup_stm32f429xx.o(.text) referenced from startup_stm32f429xx.o(RESET)
 <LI><a href="#[50]">FMC_IRQHandler</a> from startup_stm32f429xx.o(.text) referenced from startup_stm32f429xx.o(RESET)
 <LI><a href="#[70]">FPU_IRQHandler</a> from startup_stm32f429xx.o(.text) referenced from startup_stm32f429xx.o(RESET)
 <LI><a href="#[6f]">HASH_RNG_IRQHandler</a> from startup_stm32f429xx.o(.text) referenced from startup_stm32f429xx.o(RESET)
 <LI><a href="#[18]">HardFault_Handler</a> from stm32f4xx_it.o(i.HardFault_Handler) referenced from startup_stm32f429xx.o(RESET)
 <LI><a href="#[40]">I2C1_ER_IRQHandler</a> from startup_stm32f429xx.o(.text) referenced from startup_stm32f429xx.o(RESET)
 <LI><a href="#[3f]">I2C1_EV_IRQHandler</a> from startup_stm32f429xx.o(.text) referenced from startup_stm32f429xx.o(RESET)
 <LI><a href="#[42]">I2C2_ER_IRQHandler</a> from startup_stm32f429xx.o(.text) referenced from startup_stm32f429xx.o(RESET)
 <LI><a href="#[41]">I2C2_EV_IRQHandler</a> from startup_stm32f429xx.o(.text) referenced from startup_stm32f429xx.o(RESET)
 <LI><a href="#[69]">I2C3_ER_IRQHandler</a> from startup_stm32f429xx.o(.text) referenced from startup_stm32f429xx.o(RESET)
 <LI><a href="#[68]">I2C3_EV_IRQHandler</a> from startup_stm32f429xx.o(.text) referenced from startup_stm32f429xx.o(RESET)
 <LI><a href="#[78]">LTDC_ER_IRQHandler</a> from startup_stm32f429xx.o(.text) referenced from startup_stm32f429xx.o(RESET)
 <LI><a href="#[77]">LTDC_IRQHandler</a> from stm32f4xx_it.o(i.LTDC_IRQHandler) referenced from startup_stm32f429xx.o(RESET)
 <LI><a href="#[19]">MemManage_Handler</a> from stm32f4xx_it.o(i.MemManage_Handler) referenced from startup_stm32f429xx.o(RESET)
 <LI><a href="#[17]">NMI_Handler</a> from stm32f4xx_it.o(i.NMI_Handler) referenced from startup_stm32f429xx.o(RESET)
 <LI><a href="#[63]">OTG_FS_IRQHandler</a> from startup_stm32f429xx.o(.text) referenced from startup_stm32f429xx.o(RESET)
 <LI><a href="#[4a]">OTG_FS_WKUP_IRQHandler</a> from startup_stm32f429xx.o(.text) referenced from startup_stm32f429xx.o(RESET)
 <LI><a href="#[6b]">OTG_HS_EP1_IN_IRQHandler</a> from startup_stm32f429xx.o(.text) referenced from startup_stm32f429xx.o(RESET)
 <LI><a href="#[6a]">OTG_HS_EP1_OUT_IRQHandler</a> from startup_stm32f429xx.o(.text) referenced from startup_stm32f429xx.o(RESET)
 <LI><a href="#[6d]">OTG_HS_IRQHandler</a> from startup_stm32f429xx.o(.text) referenced from startup_stm32f429xx.o(RESET)
 <LI><a href="#[6c]">OTG_HS_WKUP_IRQHandler</a> from startup_stm32f429xx.o(.text) referenced from startup_stm32f429xx.o(RESET)
 <LI><a href="#[21]">PVD_IRQHandler</a> from startup_stm32f429xx.o(.text) referenced from startup_stm32f429xx.o(RESET)
 <LI><a href="#[1e]">PendSV_Handler</a> from port.o(.emb_text) referenced from startup_stm32f429xx.o(RESET)
 <LI><a href="#[25]">RCC_IRQHandler</a> from startup_stm32f429xx.o(.text) referenced from startup_stm32f429xx.o(RESET)
 <LI><a href="#[49]">RTC_Alarm_IRQHandler</a> from startup_stm32f429xx.o(.text) referenced from startup_stm32f429xx.o(RESET)
 <LI><a href="#[23]">RTC_WKUP_IRQHandler</a> from startup_stm32f429xx.o(.text) referenced from startup_stm32f429xx.o(RESET)
 <LI><a href="#[16]">Reset_Handler</a> from startup_stm32f429xx.o(.text) referenced from startup_stm32f429xx.o(RESET)
 <LI><a href="#[76]">SAI1_IRQHandler</a> from startup_stm32f429xx.o(.text) referenced from startup_stm32f429xx.o(RESET)
 <LI><a href="#[51]">SDIO_IRQHandler</a> from startup_stm32f429xx.o(.text) referenced from startup_stm32f429xx.o(RESET)
 <LI><a href="#[43]">SPI1_IRQHandler</a> from startup_stm32f429xx.o(.text) referenced from startup_stm32f429xx.o(RESET)
 <LI><a href="#[44]">SPI2_IRQHandler</a> from startup_stm32f429xx.o(.text) referenced from startup_stm32f429xx.o(RESET)
 <LI><a href="#[53]">SPI3_IRQHandler</a> from startup_stm32f429xx.o(.text) referenced from startup_stm32f429xx.o(RESET)
 <LI><a href="#[73]">SPI4_IRQHandler</a> from startup_stm32f429xx.o(.text) referenced from startup_stm32f429xx.o(RESET)
 <LI><a href="#[74]">SPI5_IRQHandler</a> from startup_stm32f429xx.o(.text) referenced from startup_stm32f429xx.o(RESET)
 <LI><a href="#[75]">SPI6_IRQHandler</a> from startup_stm32f429xx.o(.text) referenced from startup_stm32f429xx.o(RESET)
 <LI><a href="#[1c]">SVC_Handler</a> from port.o(.emb_text) referenced from startup_stm32f429xx.o(RESET)
 <LI><a href="#[ab]">StartTask02</a> from freertos.o(i.StartTask02) referenced from freertos.o(.constdata)
 <LI><a href="#[1f]">SysTick_Handler</a> from port.o(i.SysTick_Handler) referenced from startup_stm32f429xx.o(RESET)
 <LI><a href="#[7a]">SystemInit</a> from system_stm32f4xx.o(i.SystemInit) referenced from startup_stm32f429xx.o(.text)
 <LI><a href="#[22]">TAMP_STAMP_IRQHandler</a> from startup_stm32f429xx.o(.text) referenced from startup_stm32f429xx.o(RESET)
 <LI><a href="#[38]">TIM1_BRK_TIM9_IRQHandler</a> from startup_stm32f429xx.o(.text) referenced from startup_stm32f429xx.o(RESET)
 <LI><a href="#[3b]">TIM1_CC_IRQHandler</a> from startup_stm32f429xx.o(.text) referenced from startup_stm32f429xx.o(RESET)
 <LI><a href="#[3a]">TIM1_TRG_COM_TIM11_IRQHandler</a> from startup_stm32f429xx.o(.text) referenced from startup_stm32f429xx.o(RESET)
 <LI><a href="#[39]">TIM1_UP_TIM10_IRQHandler</a> from startup_stm32f429xx.o(.text) referenced from startup_stm32f429xx.o(RESET)
 <LI><a href="#[3c]">TIM2_IRQHandler</a> from startup_stm32f429xx.o(.text) referenced from startup_stm32f429xx.o(RESET)
 <LI><a href="#[3d]">TIM3_IRQHandler</a> from startup_stm32f429xx.o(.text) referenced from startup_stm32f429xx.o(RESET)
 <LI><a href="#[3e]">TIM4_IRQHandler</a> from startup_stm32f429xx.o(.text) referenced from startup_stm32f429xx.o(RESET)
 <LI><a href="#[52]">TIM5_IRQHandler</a> from startup_stm32f429xx.o(.text) referenced from startup_stm32f429xx.o(RESET)
 <LI><a href="#[56]">TIM6_DAC_IRQHandler</a> from stm32f4xx_it.o(i.TIM6_DAC_IRQHandler) referenced from startup_stm32f429xx.o(RESET)
 <LI><a href="#[57]">TIM7_IRQHandler</a> from stm32f4xx_it.o(i.TIM7_IRQHandler) referenced from startup_stm32f429xx.o(RESET)
 <LI><a href="#[4b]">TIM8_BRK_TIM12_IRQHandler</a> from startup_stm32f429xx.o(.text) referenced from startup_stm32f429xx.o(RESET)
 <LI><a href="#[4e]">TIM8_CC_IRQHandler</a> from startup_stm32f429xx.o(.text) referenced from startup_stm32f429xx.o(RESET)
 <LI><a href="#[4d]">TIM8_TRG_COM_TIM14_IRQHandler</a> from startup_stm32f429xx.o(.text) referenced from startup_stm32f429xx.o(RESET)
 <LI><a href="#[4c]">TIM8_UP_TIM13_IRQHandler</a> from startup_stm32f429xx.o(.text) referenced from startup_stm32f429xx.o(RESET)
 <LI><a href="#[aa]">TouchGFX_Task</a> from app_touchgfx.o(i.TouchGFX_Task) referenced from freertos.o(.constdata)
 <LI><a href="#[54]">UART4_IRQHandler</a> from startup_stm32f429xx.o(.text) referenced from startup_stm32f429xx.o(RESET)
 <LI><a href="#[55]">UART5_IRQHandler</a> from startup_stm32f429xx.o(.text) referenced from startup_stm32f429xx.o(RESET)
 <LI><a href="#[71]">UART7_IRQHandler</a> from startup_stm32f429xx.o(.text) referenced from startup_stm32f429xx.o(RESET)
 <LI><a href="#[72]">UART8_IRQHandler</a> from startup_stm32f429xx.o(.text) referenced from startup_stm32f429xx.o(RESET)
 <LI><a href="#[45]">USART1_IRQHandler</a> from startup_stm32f429xx.o(.text) referenced from startup_stm32f429xx.o(RESET)
 <LI><a href="#[46]">USART2_IRQHandler</a> from startup_stm32f429xx.o(.text) referenced from startup_stm32f429xx.o(RESET)
 <LI><a href="#[47]">USART3_IRQHandler</a> from startup_stm32f429xx.o(.text) referenced from startup_stm32f429xx.o(RESET)
 <LI><a href="#[67]">USART6_IRQHandler</a> from startup_stm32f429xx.o(.text) referenced from startup_stm32f429xx.o(RESET)
 <LI><a href="#[11]">USER_initialize</a> from user_diskio.o(i.USER_initialize) referenced 2 times from user_diskio.o(.data)
 <LI><a href="#[15]">USER_ioctl</a> from user_diskio.o(i.USER_ioctl) referenced 2 times from user_diskio.o(.data)
 <LI><a href="#[13]">USER_read</a> from user_diskio.o(i.USER_read) referenced 2 times from user_diskio.o(.data)
 <LI><a href="#[12]">USER_status</a> from user_diskio.o(i.USER_status) referenced 2 times from user_diskio.o(.data)
 <LI><a href="#[14]">USER_write</a> from user_diskio.o(i.USER_write) referenced 2 times from user_diskio.o(.data)
 <LI><a href="#[1b]">UsageFault_Handler</a> from stm32f4xx_it.o(i.UsageFault_Handler) referenced from startup_stm32f429xx.o(RESET)
 <LI><a href="#[20]">WWDG_IRQHandler</a> from startup_stm32f429xx.o(.text) referenced from startup_stm32f429xx.o(RESET)
 <LI><a href="#[83]">DMA2D_XferCpltCallback(__DMA2D_HandleTypeDef*)</a> from stm32dma.o(i._Z22DMA2D_XferCpltCallbackP21__DMA2D_HandleTypeDef) referenced from stm32dma.o(i._ZN8STM32DMA10initializeEv)
 <LI><a href="#[b2]">Screen1View::setupScreen()</a> from screen1view.o(i._ZN11Screen1View11setupScreenEv) referenced from screen1view.o(.constdata__ZTV11Screen1View)
 <LI><a href="#[b4]">Screen1View::tearDownScreen()</a> from screen1view.o(i._ZN11Screen1View14tearDownScreenEv) referenced from screen1view.o(.constdata__ZTV11Screen1View)
 <LI><a href="#[ac]">Screen1View::flexButtonCallbackHandler(const touchgfx::AbstractButtonContainer&)</a> from screen1view.o(i._ZN11Screen1View25flexButtonCallbackHandlerERKN8touchgfx23AbstractButtonContainerE) referenced from screen1view.o(.constdata)
 <LI><a href="#[b0]">Screen1View::~Screen1View()</a> from screen1view.o(i._ZN11Screen1ViewD1Ev) referenced from screen1view.o(.constdata__ZTV11Screen1View)
 <LI><a href="#[bb]">TouchGFXHAL::initialize()</a> from touchgfxhal.o(i._ZN11TouchGFXHAL10initializeEv) referenced from touchgfxhal.o(.constdata__ZTV11TouchGFXHAL)
 <LI><a href="#[cb]">TouchGFXHAL::enableInterrupts()</a> from touchgfxhal.o(i._ZN11TouchGFXHAL16enableInterruptsEv) referenced from touchgfxhal.o(.constdata__ZTV11TouchGFXHAL)
 <LI><a href="#[bd]">TouchGFXHAL::flushFrameBuffer(const touchgfx::Rect&)</a> from touchgfxhal.o(i._ZN11TouchGFXHAL16flushFrameBufferERKN8touchgfx4RectE) referenced from touchgfxhal.o(.constdata__ZTV11TouchGFXHAL)
 <LI><a href="#[cc]">TouchGFXHAL::disableInterrupts()</a> from touchgfxhal.o(i._ZN11TouchGFXHAL17disableInterruptsEv) referenced from touchgfxhal.o(.constdata__ZTV11TouchGFXHAL)
 <LI><a href="#[d5]">TouchGFXHAL::setTFTFrameBuffer(unsigned short*)</a> from touchgfxhal.o(i._ZN11TouchGFXHAL17setTFTFrameBufferEPt) referenced from touchgfxhal.o(.constdata__ZTV11TouchGFXHAL)
 <LI><a href="#[ca]">TouchGFXHAL::configureInterrupts()</a> from touchgfxhal.o(i._ZN11TouchGFXHAL19configureInterruptsEv) referenced from touchgfxhal.o(.constdata__ZTV11TouchGFXHAL)
 <LI><a href="#[cd]">TouchGFXHAL::enableLCDControllerInterrupt()</a> from touchgfxhal.o(i._ZN11TouchGFXHAL28enableLCDControllerInterruptEv) referenced from touchgfxhal.o(.constdata__ZTV11TouchGFXHAL)
 <LI><a href="#[c3]">TouchGFXHAL::blockCopy(void*, const void*, unsigned)</a> from touchgfxhal.o(i._ZN11TouchGFXHAL9blockCopyEPvPKvj) referenced from touchgfxhal.o(.constdata__ZTV11TouchGFXHAL)
 <LI><a href="#[a6]">TouchGFXHAL::~TouchGFXHAL()</a> from touchgfxhal.o(i._ZN11TouchGFXHALD1Ev) referenced from touchgfxhal.o(.constdata__ZTV11TouchGFXHAL)
 <LI><a href="#[a6]">TouchGFXHAL::~TouchGFXHAL()</a> from touchgfxhal.o(i._ZN11TouchGFXHALD1Ev) referenced from touchgfxconfiguration.o(i.__sti___25_TouchGFXConfiguration_cpp_f5abfd34)
 <LI><a href="#[a8]">FrontendHeap::~FrontendHeap()</a> from touchgfxconfiguration.o(i._ZN12FrontendHeapD1Ev) referenced from touchgfxconfiguration.o(.constdata__ZTV12FrontendHeap)
 <LI><a href="#[a8]">FrontendHeap::~FrontendHeap()</a> from touchgfxconfiguration.o(i._ZN12FrontendHeapD1Ev) referenced from touchgfxconfiguration.o(i.touchgfx_init)
 <LI><a href="#[db]">FirstViewBase::setupScreen()</a> from firstviewbase.o(i._ZN13FirstViewBase11setupScreenEv) referenced from firstviewbase.o(.constdata__ZTV13FirstViewBase)
 <LI><a href="#[ad]">FirstViewBase::flexButtonCallbackHandler(const touchgfx::AbstractButtonContainer&)</a> from firstviewbase.o(i._ZN13FirstViewBase25flexButtonCallbackHandlerERKN8touchgfx23AbstractButtonContainerE) referenced from firstviewbase.o(.constdata)
 <LI><a href="#[da]">FirstViewBase::~FirstViewBase()</a> from firstviewbase.o(i._ZN13FirstViewBaseD1Ev) referenced from firstviewbase.o(.constdata__ZTV13FirstViewBase)
 <LI><a href="#[de]">ModelListener::NotifyWaveform(unsigned, float, const unsigned short*, unsigned)</a> from firstpresenter.o(i._ZN13ModelListener14NotifyWaveformEjfPKtj) referenced from firstpresenter.o(.constdata__ZTV13ModelListener)
 <LI><a href="#[de]">ModelListener::NotifyWaveform(unsigned, float, const unsigned short*, unsigned)</a> from firstpresenter.o(i._ZN13ModelListener14NotifyWaveformEjfPKtj) referenced from screen1presenter.o(.constdata__ZTV16Screen1Presenter)
 <LI><a href="#[dd]">ModelListener::NotifyFrequencyMeasured(unsigned)</a> from firstpresenter.o(i._ZN13ModelListener23NotifyFrequencyMeasuredEj) referenced from firstpresenter.o(.constdata__ZTV13ModelListener)
 <LI><a href="#[dd]">ModelListener::NotifyFrequencyMeasured(unsigned)</a> from firstpresenter.o(i._ZN13ModelListener23NotifyFrequencyMeasuredEj) referenced from firstpresenter.o(.constdata__ZTV14FirstPresenter)
 <LI><a href="#[dd]">ModelListener::NotifyFrequencyMeasured(unsigned)</a> from firstpresenter.o(i._ZN13ModelListener23NotifyFrequencyMeasuredEj) referenced from screen1presenter.o(.constdata__ZTV16Screen1Presenter)
 <LI><a href="#[e0]">FirstPresenter::deactivate()</a> from firstpresenter.o(i._ZN14FirstPresenter10deactivateEv) referenced from firstpresenter.o(.constdata__ZTV14FirstPresenter)
 <LI><a href="#[df]">FirstPresenter::activate()</a> from firstpresenter.o(i._ZN14FirstPresenter8activateEv) referenced from firstpresenter.o(.constdata__ZTV14FirstPresenter)
 <LI><a href="#[e1]">FirstPresenter::~FirstPresenter()</a> from firstpresenter.o(i._ZN14FirstPresenterD1Ev) referenced from firstpresenter.o(.constdata__ZTV14FirstPresenter)
 <LI><a href="#[e4]">Screen1ViewBase::setupScreen()</a> from screen1viewbase.o(i._ZN15Screen1ViewBase11setupScreenEv) referenced from screen1viewbase.o(.constdata__ZTV15Screen1ViewBase)
 <LI><a href="#[e3]">Screen1ViewBase::~Screen1ViewBase()</a> from screen1viewbase.o(i._ZN15Screen1ViewBaseD1Ev) referenced from screen1viewbase.o(.constdata__ZTV15Screen1ViewBase)
 <LI><a href="#[d9]">FrontendHeapBase::gotoStartScreen(FrontendApplication&)</a> from touchgfxconfiguration.o(i._ZN16FrontendHeapBase15gotoStartScreenER19FrontendApplication) referenced from touchgfxconfiguration.o(.constdata__ZTV12FrontendHeap)
 <LI><a href="#[d9]">FrontendHeapBase::gotoStartScreen(FrontendApplication&)</a> from touchgfxconfiguration.o(i._ZN16FrontendHeapBase15gotoStartScreenER19FrontendApplication) referenced from touchgfxconfiguration.o(.constdata__ZTV16FrontendHeapBase)
 <LI><a href="#[e5]">FrontendHeapBase::~FrontendHeapBase()</a> from touchgfxconfiguration.o(i._ZN16FrontendHeapBaseD1Ev) referenced from touchgfxconfiguration.o(.constdata__ZTV16FrontendHeapBase)
 <LI><a href="#[e7]">Screen1Presenter::deactivate()</a> from screen1presenter.o(i._ZN16Screen1Presenter10deactivateEv) referenced from screen1presenter.o(.constdata__ZTV16Screen1Presenter)
 <LI><a href="#[e6]">Screen1Presenter::activate()</a> from screen1presenter.o(i._ZN16Screen1Presenter8activateEv) referenced from screen1presenter.o(.constdata__ZTV16Screen1Presenter)
 <LI><a href="#[e8]">Screen1Presenter::~Screen1Presenter()</a> from screen1presenter.o(i._ZN16Screen1PresenterD1Ev) referenced from screen1presenter.o(.constdata__ZTV16Screen1Presenter)
 <LI><a href="#[ed]">FrontendApplication::handleTickEvent()</a> from frontendapplication.o(i._ZN19FrontendApplication15handleTickEventEv) referenced from frontendapplication.o(.constdata__ZTV19FrontendApplication)
 <LI><a href="#[f3]">STM32TouchController::sampleTouch(int&, int&)</a> from stm32touchcontroller.o(i._ZN20STM32TouchController11sampleTouchERiS0_) referenced from stm32touchcontroller.o(.constdata__ZTV20STM32TouchController)
 <LI><a href="#[f2]">STM32TouchController::init()</a> from stm32touchcontroller.o(i._ZN20STM32TouchController4initEv) referenced from stm32touchcontroller.o(.constdata__ZTV20STM32TouchController)
 <LI><a href="#[a2]">STM32TouchController::~STM32TouchController()</a> from stm32touchcontroller.o(i._ZN20STM32TouchControllerD1Ev) referenced from stm32touchcontroller.o(.constdata__ZTV20STM32TouchController)
 <LI><a href="#[a2]">STM32TouchController::~STM32TouchController()</a> from stm32touchcontroller.o(i._ZN20STM32TouchControllerD1Ev) referenced from touchgfxconfiguration.o(i.__sti___25_TouchGFXConfiguration_cpp_f5abfd34)
 <LI><a href="#[d3]">TouchGFXGeneratedHAL::beginFrame()</a> from touchgfxgeneratedhal.o(i._ZN20TouchGFXGeneratedHAL10beginFrameEv) referenced from touchgfxhal.o(.constdata__ZTV11TouchGFXHAL)
 <LI><a href="#[d3]">TouchGFXGeneratedHAL::beginFrame()</a> from touchgfxgeneratedhal.o(i._ZN20TouchGFXGeneratedHAL10beginFrameEv) referenced from touchgfxgeneratedhal.o(.constdata__ZTV20TouchGFXGeneratedHAL)
 <LI><a href="#[f4]">TouchGFXGeneratedHAL::initialize()</a> from touchgfxgeneratedhal.o(i._ZN20TouchGFXGeneratedHAL10initializeEv) referenced from touchgfxgeneratedhal.o(.constdata__ZTV20TouchGFXGeneratedHAL)
 <LI><a href="#[f9]">TouchGFXGeneratedHAL::enableInterrupts()</a> from touchgfxgeneratedhal.o(i._ZN20TouchGFXGeneratedHAL16enableInterruptsEv) referenced from touchgfxgeneratedhal.o(.constdata__ZTV20TouchGFXGeneratedHAL)
 <LI><a href="#[f5]">TouchGFXGeneratedHAL::flushFrameBuffer(const touchgfx::Rect&)</a> from touchgfxgeneratedhal.o(i._ZN20TouchGFXGeneratedHAL16flushFrameBufferERKN8touchgfx4RectE) referenced from touchgfxgeneratedhal.o(.constdata__ZTV20TouchGFXGeneratedHAL)
 <LI><a href="#[fa]">TouchGFXGeneratedHAL::disableInterrupts()</a> from touchgfxgeneratedhal.o(i._ZN20TouchGFXGeneratedHAL17disableInterruptsEv) referenced from touchgfxgeneratedhal.o(.constdata__ZTV20TouchGFXGeneratedHAL)
 <LI><a href="#[fc]">TouchGFXGeneratedHAL::setTFTFrameBuffer(unsigned short*)</a> from touchgfxgeneratedhal.o(i._ZN20TouchGFXGeneratedHAL17setTFTFrameBufferEPt) referenced from touchgfxgeneratedhal.o(.constdata__ZTV20TouchGFXGeneratedHAL)
 <LI><a href="#[f8]">TouchGFXGeneratedHAL::configureInterrupts()</a> from touchgfxgeneratedhal.o(i._ZN20TouchGFXGeneratedHAL19configureInterruptsEv) referenced from touchgfxgeneratedhal.o(.constdata__ZTV20TouchGFXGeneratedHAL)
 <LI><a href="#[fb]">TouchGFXGeneratedHAL::enableLCDControllerInterrupt()</a> from touchgfxgeneratedhal.o(i._ZN20TouchGFXGeneratedHAL28enableLCDControllerInterruptEv) referenced from touchgfxgeneratedhal.o(.constdata__ZTV20TouchGFXGeneratedHAL)
 <LI><a href="#[d4]">TouchGFXGeneratedHAL::endFrame()</a> from touchgfxgeneratedhal.o(i._ZN20TouchGFXGeneratedHAL8endFrameEv) referenced from touchgfxhal.o(.constdata__ZTV11TouchGFXHAL)
 <LI><a href="#[d4]">TouchGFXGeneratedHAL::endFrame()</a> from touchgfxgeneratedhal.o(i._ZN20TouchGFXGeneratedHAL8endFrameEv) referenced from touchgfxgeneratedhal.o(.constdata__ZTV20TouchGFXGeneratedHAL)
 <LI><a href="#[f7]">TouchGFXGeneratedHAL::blockCopy(void*, const void*, unsigned)</a> from touchgfxgeneratedhal.o(i._ZN20TouchGFXGeneratedHAL9blockCopyEPvPKvj) referenced from touchgfxgeneratedhal.o(.constdata__ZTV20TouchGFXGeneratedHAL)
 <LI><a href="#[a5]">ApplicationFontProvider::~ApplicationFontProvider()</a> from touchgfxconfiguration.o(i._ZN23ApplicationFontProviderD1Ev) referenced from applicationfontprovider.o(.constdata__ZTV23ApplicationFontProvider)
 <LI><a href="#[a5]">ApplicationFontProvider::~ApplicationFontProvider()</a> from touchgfxconfiguration.o(i._ZN23ApplicationFontProviderD1Ev) referenced from touchgfxconfiguration.o(i.__sti___25_TouchGFXConfiguration_cpp_f5abfd34)
 <LI><a href="#[ae]">FrontendApplicationBase::gotoFirstScreenNoTransitionImpl()</a> from frontendapplicationbase.o(i._ZN23FrontendApplicationBase31gotoFirstScreenNoTransitionImplEv) referenced from frontendapplicationbase.o(.constdata)
 <LI><a href="#[af]">FrontendApplicationBase::gotoScreen1ScreenNoTransitionImpl()</a> from frontendapplicationbase.o(i._ZN23FrontendApplicationBase33gotoScreen1ScreenNoTransitionImplEv) referenced from frontendapplicationbase.o(.constdata)
 <LI><a href="#[fe]">FrontendApplicationBase::~FrontendApplicationBase()</a> from touchgfxconfiguration.o(i._ZN23FrontendApplicationBaseD1Ev) referenced from touchgfxconfiguration.o(.constdata__ZTV23FrontendApplicationBase)
 <LI><a href="#[102]">STM32DMA::initialize()</a> from stm32dma.o(i._ZN8STM32DMA10initializeEv) referenced from stm32dma.o(.constdata__ZTV8STM32DMA)
 <LI><a href="#[ff]">STM32DMA::getBlitCaps()</a> from stm32dma.o(i._ZN8STM32DMA11getBlitCapsEv) referenced from stm32dma.o(.constdata__ZTV8STM32DMA)
 <LI><a href="#[108]">STM32DMA::setupDataCopy(const touchgfx::BlitOp&)</a> from stm32dma.o(i._ZN8STM32DMA13setupDataCopyERKN8touchgfx6BlitOpE) referenced from stm32dma.o(.constdata__ZTV8STM32DMA)
 <LI><a href="#[109]">STM32DMA::setupDataFill(const touchgfx::BlitOp&)</a> from stm32dma.o(i._ZN8STM32DMA13setupDataFillERKN8touchgfx6BlitOpE) referenced from stm32dma.o(.constdata__ZTV8STM32DMA)
 <LI><a href="#[104]">STM32DMA::signalDMAInterrupt()</a> from stm32dma.o(i._ZN8STM32DMA18signalDMAInterruptEv) referenced from stm32dma.o(.constdata__ZTV8STM32DMA)
 <LI><a href="#[a3]">STM32DMA::~STM32DMA()</a> from stm32dma.o(i._ZN8STM32DMAD1Ev) referenced from stm32dma.o(.constdata__ZTV8STM32DMA)
 <LI><a href="#[a3]">STM32DMA::~STM32DMA()</a> from stm32dma.o(i._ZN8STM32DMAD1Ev) referenced from touchgfxconfiguration.o(i.__sti___25_TouchGFXConfiguration_cpp_f5abfd34)
 <LI><a href="#[115]">touchgfx::Transition::invalidate()</a> from frontendapplicationbase.o(i._ZN8touchgfx10Transition10invalidateEv) referenced from frontendapplicationbase.o(.constdata__ZTVN8touchgfx10TransitionE)
 <LI><a href="#[115]">touchgfx::Transition::invalidate()</a> from frontendapplicationbase.o(i._ZN8touchgfx10Transition10invalidateEv) referenced from frontendapplicationbase.o(.constdata__ZTVN8touchgfx12NoTransitionE)
 <LI><a href="#[112]">touchgfx::Transition::handleTickEvent()</a> from frontendapplicationbase.o(i._ZN8touchgfx10Transition15handleTickEventEv) referenced from frontendapplicationbase.o(.constdata__ZTVN8touchgfx10TransitionE)
 <LI><a href="#[116]">touchgfx::Transition::setScreenContainer(touchgfx::Container&)</a> from frontendapplicationbase.o(i._ZN8touchgfx10Transition18setScreenContainerERNS_9ContainerE) referenced from frontendapplicationbase.o(.constdata__ZTVN8touchgfx10TransitionE)
 <LI><a href="#[116]">touchgfx::Transition::setScreenContainer(touchgfx::Container&)</a> from frontendapplicationbase.o(i._ZN8touchgfx10Transition18setScreenContainerERNS_9ContainerE) referenced from frontendapplicationbase.o(.constdata__ZTVN8touchgfx12NoTransitionE)
 <LI><a href="#[114]">touchgfx::Transition::init()</a> from frontendapplicationbase.o(i._ZN8touchgfx10Transition4initEv) referenced from frontendapplicationbase.o(.constdata__ZTVN8touchgfx10TransitionE)
 <LI><a href="#[114]">touchgfx::Transition::init()</a> from frontendapplicationbase.o(i._ZN8touchgfx10Transition4initEv) referenced from frontendapplicationbase.o(.constdata__ZTVN8touchgfx12NoTransitionE)
 <LI><a href="#[113]">touchgfx::Transition::tearDown()</a> from frontendapplicationbase.o(i._ZN8touchgfx10Transition8tearDownEv) referenced from frontendapplicationbase.o(.constdata__ZTVN8touchgfx10TransitionE)
 <LI><a href="#[113]">touchgfx::Transition::tearDown()</a> from frontendapplicationbase.o(i._ZN8touchgfx10Transition8tearDownEv) referenced from frontendapplicationbase.o(.constdata__ZTVN8touchgfx12NoTransitionE)
 <LI><a href="#[111]">touchgfx::Transition::~Transition()</a> from frontendapplicationbase.o(i._ZN8touchgfx10TransitionD1Ev) referenced from frontendapplicationbase.o(.constdata__ZTVN8touchgfx10TransitionE)
 <LI><a href="#[ec]">touchgfx::Application::handleKeyEvent(unsigned char)</a> from application.o(i._ZN8touchgfx11Application14handleKeyEventEh) referenced from frontendapplication.o(.constdata__ZTV19FrontendApplication)
 <LI><a href="#[ec]">touchgfx::Application::handleKeyEvent(unsigned char)</a> from application.o(i._ZN8touchgfx11Application14handleKeyEventEh) referenced from touchgfxconfiguration.o(.constdata__ZTV23FrontendApplicationBase)
 <LI><a href="#[ec]">touchgfx::Application::handleKeyEvent(unsigned char)</a> from application.o(i._ZN8touchgfx11Application14handleKeyEventEh) referenced from application.o(.constdata__ZTVN8touchgfx11ApplicationE)
 <LI><a href="#[ec]">touchgfx::Application::handleKeyEvent(unsigned char)</a> from application.o(i._ZN8touchgfx11Application14handleKeyEventEh) referenced from frontendapplicationbase.o(.constdata__ZTVN8touchgfx14MVPApplicationE)
 <LI><a href="#[ea]">touchgfx::Application::handleDragEvent(const touchgfx::DragEvent&)</a> from application.o(i._ZN8touchgfx11Application15handleDragEventERKNS_9DragEventE) referenced from frontendapplication.o(.constdata__ZTV19FrontendApplication)
 <LI><a href="#[ea]">touchgfx::Application::handleDragEvent(const touchgfx::DragEvent&)</a> from application.o(i._ZN8touchgfx11Application15handleDragEventERKNS_9DragEventE) referenced from touchgfxconfiguration.o(.constdata__ZTV23FrontendApplicationBase)
 <LI><a href="#[ea]">touchgfx::Application::handleDragEvent(const touchgfx::DragEvent&)</a> from application.o(i._ZN8touchgfx11Application15handleDragEventERKNS_9DragEventE) referenced from application.o(.constdata__ZTVN8touchgfx11ApplicationE)
 <LI><a href="#[ea]">touchgfx::Application::handleDragEvent(const touchgfx::DragEvent&)</a> from application.o(i._ZN8touchgfx11Application15handleDragEventERKNS_9DragEventE) referenced from frontendapplicationbase.o(.constdata__ZTVN8touchgfx14MVPApplicationE)
 <LI><a href="#[fd]">touchgfx::Application::handleTickEvent()</a> from application.o(i._ZN8touchgfx11Application15handleTickEventEv) referenced from touchgfxconfiguration.o(.constdata__ZTV23FrontendApplicationBase)
 <LI><a href="#[fd]">touchgfx::Application::handleTickEvent()</a> from application.o(i._ZN8touchgfx11Application15handleTickEventEv) referenced from application.o(.constdata__ZTVN8touchgfx11ApplicationE)
 <LI><a href="#[fd]">touchgfx::Application::handleTickEvent()</a> from application.o(i._ZN8touchgfx11Application15handleTickEventEv) referenced from frontendapplicationbase.o(.constdata__ZTVN8touchgfx14MVPApplicationE)
 <LI><a href="#[e9]">touchgfx::Application::handleClickEvent(const touchgfx::ClickEvent&)</a> from application.o(i._ZN8touchgfx11Application16handleClickEventERKNS_10ClickEventE) referenced from frontendapplication.o(.constdata__ZTV19FrontendApplication)
 <LI><a href="#[e9]">touchgfx::Application::handleClickEvent(const touchgfx::ClickEvent&)</a> from application.o(i._ZN8touchgfx11Application16handleClickEventERKNS_10ClickEventE) referenced from touchgfxconfiguration.o(.constdata__ZTV23FrontendApplicationBase)
 <LI><a href="#[e9]">touchgfx::Application::handleClickEvent(const touchgfx::ClickEvent&)</a> from application.o(i._ZN8touchgfx11Application16handleClickEventERKNS_10ClickEventE) referenced from application.o(.constdata__ZTVN8touchgfx11ApplicationE)
 <LI><a href="#[e9]">touchgfx::Application::handleClickEvent(const touchgfx::ClickEvent&)</a> from application.o(i._ZN8touchgfx11Application16handleClickEventERKNS_10ClickEventE) referenced from frontendapplicationbase.o(.constdata__ZTVN8touchgfx14MVPApplicationE)
 <LI><a href="#[eb]">touchgfx::Application::handleGestureEvent(const touchgfx::GestureEvent&)</a> from application.o(i._ZN8touchgfx11Application18handleGestureEventERKNS_12GestureEventE) referenced from frontendapplication.o(.constdata__ZTV19FrontendApplication)
 <LI><a href="#[eb]">touchgfx::Application::handleGestureEvent(const touchgfx::GestureEvent&)</a> from application.o(i._ZN8touchgfx11Application18handleGestureEventERKNS_12GestureEventE) referenced from touchgfxconfiguration.o(.constdata__ZTV23FrontendApplicationBase)
 <LI><a href="#[eb]">touchgfx::Application::handleGestureEvent(const touchgfx::GestureEvent&)</a> from application.o(i._ZN8touchgfx11Application18handleGestureEventERKNS_12GestureEventE) referenced from application.o(.constdata__ZTVN8touchgfx11ApplicationE)
 <LI><a href="#[eb]">touchgfx::Application::handleGestureEvent(const touchgfx::GestureEvent&)</a> from application.o(i._ZN8touchgfx11Application18handleGestureEventERKNS_12GestureEventE) referenced from frontendapplicationbase.o(.constdata__ZTVN8touchgfx14MVPApplicationE)
 <LI><a href="#[f1]">touchgfx::Application::cacheDrawOperations(bool)</a> from application.o(i._ZN8touchgfx11Application19cacheDrawOperationsEb) referenced from frontendapplication.o(.constdata__ZTV19FrontendApplication)
 <LI><a href="#[f1]">touchgfx::Application::cacheDrawOperations(bool)</a> from application.o(i._ZN8touchgfx11Application19cacheDrawOperationsEb) referenced from touchgfxconfiguration.o(.constdata__ZTV23FrontendApplicationBase)
 <LI><a href="#[f1]">touchgfx::Application::cacheDrawOperations(bool)</a> from application.o(i._ZN8touchgfx11Application19cacheDrawOperationsEb) referenced from application.o(.constdata__ZTVN8touchgfx11ApplicationE)
 <LI><a href="#[f1]">touchgfx::Application::cacheDrawOperations(bool)</a> from application.o(i._ZN8touchgfx11Application19cacheDrawOperationsEb) referenced from frontendapplicationbase.o(.constdata__ZTVN8touchgfx14MVPApplicationE)
 <LI><a href="#[117]">touchgfx::Application::handlePendingScreenTransition()</a> from application.o(i._ZN8touchgfx11Application29handlePendingScreenTransitionEv) referenced from application.o(.constdata__ZTVN8touchgfx11ApplicationE)
 <LI><a href="#[f0]">touchgfx::Application::draw(touchgfx::Rect&)</a> from application.o(i._ZN8touchgfx11Application4drawERNS_4RectE) referenced from frontendapplication.o(.constdata__ZTV19FrontendApplication)
 <LI><a href="#[f0]">touchgfx::Application::draw(touchgfx::Rect&)</a> from application.o(i._ZN8touchgfx11Application4drawERNS_4RectE) referenced from touchgfxconfiguration.o(.constdata__ZTV23FrontendApplicationBase)
 <LI><a href="#[f0]">touchgfx::Application::draw(touchgfx::Rect&)</a> from application.o(i._ZN8touchgfx11Application4drawERNS_4RectE) referenced from application.o(.constdata__ZTVN8touchgfx11ApplicationE)
 <LI><a href="#[f0]">touchgfx::Application::draw(touchgfx::Rect&)</a> from application.o(i._ZN8touchgfx11Application4drawERNS_4RectE) referenced from frontendapplicationbase.o(.constdata__ZTVN8touchgfx14MVPApplicationE)
 <LI><a href="#[ef]">touchgfx::Application::draw()</a> from application.o(i._ZN8touchgfx11Application4drawEv) referenced from frontendapplication.o(.constdata__ZTV19FrontendApplication)
 <LI><a href="#[ef]">touchgfx::Application::draw()</a> from application.o(i._ZN8touchgfx11Application4drawEv) referenced from touchgfxconfiguration.o(.constdata__ZTV23FrontendApplicationBase)
 <LI><a href="#[ef]">touchgfx::Application::draw()</a> from application.o(i._ZN8touchgfx11Application4drawEv) referenced from application.o(.constdata__ZTVN8touchgfx11ApplicationE)
 <LI><a href="#[ef]">touchgfx::Application::draw()</a> from application.o(i._ZN8touchgfx11Application4drawEv) referenced from frontendapplicationbase.o(.constdata__ZTVN8touchgfx14MVPApplicationE)
 <LI><a href="#[128]">touchgfx::CanvasWidget::setPainter(touchgfx::AbstractPainter&)</a> from canvaswidget.o(i._ZN8touchgfx12CanvasWidget10setPainterERNS_15AbstractPainterE) referenced from canvaswidget.o(.constdata__ZTVN8touchgfx12CanvasWidgetE)
 <LI><a href="#[128]">touchgfx::CanvasWidget::setPainter(touchgfx::AbstractPainter&)</a> from canvaswidget.o(i._ZN8touchgfx12CanvasWidget10setPainterERNS_15AbstractPainterE) referenced from graphelements.o(.constdata__ZTVN8touchgfx16GraphElementLineE)
 <LI><a href="#[12e]">touchgfx::NoTransition::handleTickEvent()</a> from frontendapplicationbase.o(i._ZN8touchgfx12NoTransition15handleTickEventEv) referenced from frontendapplicationbase.o(.constdata__ZTVN8touchgfx12NoTransitionE)
 <LI><a href="#[12d]">touchgfx::NoTransition::~NoTransition()</a> from frontendapplicationbase.o(i._ZN8touchgfx12NoTransitionD1Ev) referenced from frontendapplicationbase.o(.constdata__ZTVN8touchgfx12NoTransitionE)
 <LI><a href="#[100]">touchgfx::DMA_Interface::addToQueue(const touchgfx::BlitOp&)</a> from dma.o(i._ZN8touchgfx13DMA_Interface10addToQueueERKNS_6BlitOpE) referenced from stm32dma.o(.constdata__ZTV8STM32DMA)
 <LI><a href="#[100]">touchgfx::DMA_Interface::addToQueue(const touchgfx::BlitOp&)</a> from dma.o(i._ZN8touchgfx13DMA_Interface10addToQueueERKNS_6BlitOpE) referenced from dma.o(.constdata__ZTVN8touchgfx13DMA_InterfaceE)
 <LI><a href="#[132]">touchgfx::DMA_Interface::initialize()</a> from dma.o(i._ZN8touchgfx13DMA_Interface10initializeEv) referenced from dma.o(.constdata__ZTVN8touchgfx13DMA_InterfaceE)
 <LI><a href="#[10a]">touchgfx::DMA_Interface::enableAlpha(unsigned char)</a> from dma.o(i._ZN8touchgfx13DMA_Interface11enableAlphaEh) referenced from stm32dma.o(.constdata__ZTV8STM32DMA)
 <LI><a href="#[10a]">touchgfx::DMA_Interface::enableAlpha(unsigned char)</a> from dma.o(i._ZN8touchgfx13DMA_Interface11enableAlphaEh) referenced from dma.o(.constdata__ZTVN8touchgfx13DMA_InterfaceE)
 <LI><a href="#[10b]">touchgfx::DMA_Interface::disableAlpha()</a> from dma.o(i._ZN8touchgfx13DMA_Interface12disableAlphaEv) referenced from stm32dma.o(.constdata__ZTV8STM32DMA)
 <LI><a href="#[10b]">touchgfx::DMA_Interface::disableAlpha()</a> from dma.o(i._ZN8touchgfx13DMA_Interface12disableAlphaEv) referenced from dma.o(.constdata__ZTVN8touchgfx13DMA_InterfaceE)
 <LI><a href="#[107]">touchgfx::DMA_Interface::seedExecution()</a> from dma.o(i._ZN8touchgfx13DMA_Interface13seedExecutionEv) referenced from stm32dma.o(.constdata__ZTV8STM32DMA)
 <LI><a href="#[107]">touchgfx::DMA_Interface::seedExecution()</a> from dma.o(i._ZN8touchgfx13DMA_Interface13seedExecutionEv) referenced from dma.o(.constdata__ZTVN8touchgfx13DMA_InterfaceE)
 <LI><a href="#[106]">touchgfx::DMA_Interface::executeCompleted()</a> from dma.o(i._ZN8touchgfx13DMA_Interface16executeCompletedEv) referenced from stm32dma.o(.constdata__ZTV8STM32DMA)
 <LI><a href="#[106]">touchgfx::DMA_Interface::executeCompleted()</a> from dma.o(i._ZN8touchgfx13DMA_Interface16executeCompletedEv) referenced from dma.o(.constdata__ZTVN8touchgfx13DMA_InterfaceE)
 <LI><a href="#[10c]">touchgfx::DMA_Interface::waitForFrameBufferSemaphore()</a> from dma.o(i._ZN8touchgfx13DMA_Interface27waitForFrameBufferSemaphoreEv) referenced from stm32dma.o(.constdata__ZTV8STM32DMA)
 <LI><a href="#[10c]">touchgfx::DMA_Interface::waitForFrameBufferSemaphore()</a> from dma.o(i._ZN8touchgfx13DMA_Interface27waitForFrameBufferSemaphoreEv) referenced from dma.o(.constdata__ZTVN8touchgfx13DMA_InterfaceE)
 <LI><a href="#[101]">touchgfx::DMA_Interface::flush()</a> from dma.o(i._ZN8touchgfx13DMA_Interface5flushEv) referenced from stm32dma.o(.constdata__ZTV8STM32DMA)
 <LI><a href="#[101]">touchgfx::DMA_Interface::flush()</a> from dma.o(i._ZN8touchgfx13DMA_Interface5flushEv) referenced from dma.o(.constdata__ZTVN8touchgfx13DMA_InterfaceE)
 <LI><a href="#[103]">touchgfx::DMA_Interface::start()</a> from dma.o(i._ZN8touchgfx13DMA_Interface5startEv) referenced from stm32dma.o(.constdata__ZTV8STM32DMA)
 <LI><a href="#[103]">touchgfx::DMA_Interface::start()</a> from dma.o(i._ZN8touchgfx13DMA_Interface5startEv) referenced from dma.o(.constdata__ZTVN8touchgfx13DMA_InterfaceE)
 <LI><a href="#[105]">touchgfx::DMA_Interface::execute()</a> from dma.o(i._ZN8touchgfx13DMA_Interface7executeEv) referenced from stm32dma.o(.constdata__ZTV8STM32DMA)
 <LI><a href="#[105]">touchgfx::DMA_Interface::execute()</a> from dma.o(i._ZN8touchgfx13DMA_Interface7executeEv) referenced from dma.o(.constdata__ZTVN8touchgfx13DMA_InterfaceE)
 <LI><a href="#[82]">touchgfx::GeneratedFont::~GeneratedFont()</a> from generatedfont.o(i._ZN8touchgfx13GeneratedFontD1Ev) referenced from generatedfont.o(.constdata__ZTVN8touchgfx13GeneratedFontE)
 <LI><a href="#[82]">touchgfx::GeneratedFont::~GeneratedFont()</a> from generatedfont.o(i._ZN8touchgfx13GeneratedFontD1Ev) referenced from table_verdana_20_4bpp.o(i._Z23getFont_verdana_20_4bppv)
 <LI><a href="#[82]">touchgfx::GeneratedFont::~GeneratedFont()</a> from generatedfont.o(i._ZN8touchgfx13GeneratedFontD1Ev) referenced from table_verdana_40_4bpp.o(i._Z23getFont_verdana_40_4bppv)
 <LI><a href="#[82]">touchgfx::GeneratedFont::~GeneratedFont()</a> from generatedfont.o(i._ZN8touchgfx13GeneratedFontD1Ev) referenced from table_stzhongs_ttf_20_4bpp.o(i._Z28getFont_STZHONGS_TTF_20_4bppv)
 <LI><a href="#[82]">touchgfx::GeneratedFont::~GeneratedFont()</a> from generatedfont.o(i._ZN8touchgfx13GeneratedFontD1Ev) referenced from table_stzhongs_ttf_24_4bpp.o(i._Z28getFont_STZHONGS_TTF_24_4bppv)
 <LI><a href="#[142]">touchgfx::PainterRGB565::renderNext(unsigned char&, unsigned char&, unsigned char&, unsigned char&)</a> from painterrgb565.o(i._ZN8touchgfx13PainterRGB56510renderNextERhS1_S1_S1_) referenced from painterrgb565.o(.constdata__ZTVN8touchgfx13PainterRGB565E)
 <LI><a href="#[140]">touchgfx::PainterRGB565::render(unsigned char*, int, int, int, unsigned, const unsigned char*)</a> from painterrgb565.o(i._ZN8touchgfx13PainterRGB5656renderEPhiiijPKh) referenced from painterrgb565.o(.constdata__ZTVN8touchgfx13PainterRGB565E)
 <LI><a href="#[ee]">touchgfx::MVPApplication::handlePendingScreenTransition()</a> from touchgfxconfiguration.o(i._ZN8touchgfx14MVPApplication29handlePendingScreenTransitionEv) referenced from frontendapplication.o(.constdata__ZTV19FrontendApplication)
 <LI><a href="#[ee]">touchgfx::MVPApplication::handlePendingScreenTransition()</a> from touchgfxconfiguration.o(i._ZN8touchgfx14MVPApplication29handlePendingScreenTransitionEv) referenced from touchgfxconfiguration.o(.constdata__ZTV23FrontendApplicationBase)
 <LI><a href="#[ee]">touchgfx::MVPApplication::handlePendingScreenTransition()</a> from touchgfxconfiguration.o(i._ZN8touchgfx14MVPApplication29handlePendingScreenTransitionEv) referenced from frontendapplicationbase.o(.constdata__ZTVN8touchgfx14MVPApplicationE)
 <LI><a href="#[144]">touchgfx::RenderingBuffer::~RenderingBuffer()</a> from renderingbuffer.o(i._ZN8touchgfx15RenderingBufferD1Ev) referenced from renderingbuffer.o(.constdata__ZTVN8touchgfx15RenderingBufferE)
 <LI><a href="#[146]">touchgfx::GraphElementLine::invalidateGraphPointAt(short)</a> from graphelements.o(i._ZN8touchgfx16GraphElementLine22invalidateGraphPointAtEs) referenced from graphelements.o(.constdata__ZTVN8touchgfx16GraphElementLineE)
 <LI><a href="#[14d]">touchgfx::AbstractDataGraph::handleDragEvent(const touchgfx::DragEvent&)</a> from abstractdatagraph.o(i._ZN8touchgfx17AbstractDataGraph15handleDragEventERKNS_9DragEventE) referenced from abstractdatagraph.o(.constdata__ZTVN8touchgfx17AbstractDataGraphE)
 <LI><a href="#[14d]">touchgfx::AbstractDataGraph::handleDragEvent(const touchgfx::DragEvent&)</a> from abstractdatagraph.o(i._ZN8touchgfx17AbstractDataGraph15handleDragEventERKNS_9DragEventE) referenced from firstviewbase.o(.constdata__ZTVN8touchgfx17GraphWrapAndClearILs100EEE)
 <LI><a href="#[14d]">touchgfx::AbstractDataGraph::handleDragEvent(const touchgfx::DragEvent&)</a> from abstractdatagraph.o(i._ZN8touchgfx17AbstractDataGraph15handleDragEventERKNS_9DragEventE) referenced from graphwrapandclear.o(.constdata__ZTVN8touchgfx21DataGraphWrapAndClearE)
 <LI><a href="#[14d]">touchgfx::AbstractDataGraph::handleDragEvent(const touchgfx::DragEvent&)</a> from abstractdatagraph.o(i._ZN8touchgfx17AbstractDataGraph15handleDragEventERKNS_9DragEventE) referenced from abstractdatagraph.o(.constdata__ZTVN8touchgfx22AbstractDataGraphWithYE)
 <LI><a href="#[14c]">touchgfx::AbstractDataGraph::handleClickEvent(const touchgfx::ClickEvent&)</a> from abstractdatagraph.o(i._ZN8touchgfx17AbstractDataGraph16handleClickEventERKNS_10ClickEventE) referenced from abstractdatagraph.o(.constdata__ZTVN8touchgfx17AbstractDataGraphE)
 <LI><a href="#[14c]">touchgfx::AbstractDataGraph::handleClickEvent(const touchgfx::ClickEvent&)</a> from abstractdatagraph.o(i._ZN8touchgfx17AbstractDataGraph16handleClickEventERKNS_10ClickEventE) referenced from firstviewbase.o(.constdata__ZTVN8touchgfx17GraphWrapAndClearILs100EEE)
 <LI><a href="#[14c]">touchgfx::AbstractDataGraph::handleClickEvent(const touchgfx::ClickEvent&)</a> from abstractdatagraph.o(i._ZN8touchgfx17AbstractDataGraph16handleClickEventERKNS_10ClickEventE) referenced from graphwrapandclear.o(.constdata__ZTVN8touchgfx21DataGraphWrapAndClearE)
 <LI><a href="#[14c]">touchgfx::AbstractDataGraph::handleClickEvent(const touchgfx::ClickEvent&)</a> from abstractdatagraph.o(i._ZN8touchgfx17AbstractDataGraph16handleClickEventERKNS_10ClickEventE) referenced from abstractdatagraph.o(.constdata__ZTVN8touchgfx22AbstractDataGraphWithYE)
 <LI><a href="#[151]">touchgfx::AbstractDataGraph::clear()</a> from abstractdatagraph.o(i._ZN8touchgfx17AbstractDataGraph5clearEv) referenced from abstractdatagraph.o(.constdata__ZTVN8touchgfx17AbstractDataGraphE)
 <LI><a href="#[151]">touchgfx::AbstractDataGraph::clear()</a> from abstractdatagraph.o(i._ZN8touchgfx17AbstractDataGraph5clearEv) referenced from firstviewbase.o(.constdata__ZTVN8touchgfx17GraphWrapAndClearILs100EEE)
 <LI><a href="#[151]">touchgfx::AbstractDataGraph::clear()</a> from abstractdatagraph.o(i._ZN8touchgfx17AbstractDataGraph5clearEv) referenced from graphwrapandclear.o(.constdata__ZTVN8touchgfx21DataGraphWrapAndClearE)
 <LI><a href="#[151]">touchgfx::AbstractDataGraph::clear()</a> from abstractdatagraph.o(i._ZN8touchgfx17AbstractDataGraph5clearEv) referenced from abstractdatagraph.o(.constdata__ZTVN8touchgfx22AbstractDataGraphWithYE)
 <LI><a href="#[14a]">touchgfx::AbstractDataGraph::setWidth(short)</a> from abstractdatagraph.o(i._ZN8touchgfx17AbstractDataGraph8setWidthEs) referenced from abstractdatagraph.o(.constdata__ZTVN8touchgfx17AbstractDataGraphE)
 <LI><a href="#[14a]">touchgfx::AbstractDataGraph::setWidth(short)</a> from abstractdatagraph.o(i._ZN8touchgfx17AbstractDataGraph8setWidthEs) referenced from firstviewbase.o(.constdata__ZTVN8touchgfx17GraphWrapAndClearILs100EEE)
 <LI><a href="#[14a]">touchgfx::AbstractDataGraph::setWidth(short)</a> from abstractdatagraph.o(i._ZN8touchgfx17AbstractDataGraph8setWidthEs) referenced from graphwrapandclear.o(.constdata__ZTVN8touchgfx21DataGraphWrapAndClearE)
 <LI><a href="#[14a]">touchgfx::AbstractDataGraph::setWidth(short)</a> from abstractdatagraph.o(i._ZN8touchgfx17AbstractDataGraph8setWidthEs) referenced from abstractdatagraph.o(.constdata__ZTVN8touchgfx22AbstractDataGraphWithYE)
 <LI><a href="#[14b]">touchgfx::AbstractDataGraph::setHeight(short)</a> from abstractdatagraph.o(i._ZN8touchgfx17AbstractDataGraph9setHeightEs) referenced from abstractdatagraph.o(.constdata__ZTVN8touchgfx17AbstractDataGraphE)
 <LI><a href="#[14b]">touchgfx::AbstractDataGraph::setHeight(short)</a> from abstractdatagraph.o(i._ZN8touchgfx17AbstractDataGraph9setHeightEs) referenced from firstviewbase.o(.constdata__ZTVN8touchgfx17GraphWrapAndClearILs100EEE)
 <LI><a href="#[14b]">touchgfx::AbstractDataGraph::setHeight(short)</a> from abstractdatagraph.o(i._ZN8touchgfx17AbstractDataGraph9setHeightEs) referenced from graphwrapandclear.o(.constdata__ZTVN8touchgfx21DataGraphWrapAndClearE)
 <LI><a href="#[14b]">touchgfx::AbstractDataGraph::setHeight(short)</a> from abstractdatagraph.o(i._ZN8touchgfx17AbstractDataGraph9setHeightEs) referenced from abstractdatagraph.o(.constdata__ZTVN8touchgfx22AbstractDataGraphWithYE)
 <LI><a href="#[153]">touchgfx::AbstractPartition::~AbstractPartition__sub_object()</a> from abstractpartition.o(i._ZN8touchgfx17AbstractPartitionD2Ev) referenced from abstractpartition.o(.constdata__ZTVN8touchgfx17AbstractPartitionE)
 <LI><a href="#[154]">touchgfx::GraphWrapAndClear&lang;(short)100&rang;::~GraphWrapAndClear()</a> from firstview.o(i._ZN8touchgfx17GraphWrapAndClearILs100EED1Ev) referenced from firstviewbase.o(.constdata__ZTVN8touchgfx17GraphWrapAndClearILs100EEE)
 <LI><a href="#[16a]">touchgfx::LockFreeDMA_Queue::pushCopyOf(const touchgfx::BlitOp&)</a> from dma.o(i._ZN8touchgfx17LockFreeDMA_Queue10pushCopyOfERKNS_6BlitOpE) referenced from dma.o(.constdata__ZTVN8touchgfx17LockFreeDMA_QueueE)
 <LI><a href="#[16b]">touchgfx::LockFreeDMA_Queue::pop()</a> from dma.o(i._ZN8touchgfx17LockFreeDMA_Queue3popEv) referenced from dma.o(.constdata__ZTVN8touchgfx17LockFreeDMA_QueueE)
 <LI><a href="#[16c]">touchgfx::LockFreeDMA_Queue::first()</a> from dma.o(i._ZN8touchgfx17LockFreeDMA_Queue5firstEv) referenced from dma.o(.constdata__ZTVN8touchgfx17LockFreeDMA_QueueE)
 <LI><a href="#[169]">touchgfx::LockFreeDMA_Queue::isFull()</a> from dma.o(i._ZN8touchgfx17LockFreeDMA_Queue6isFullEv) referenced from dma.o(.constdata__ZTVN8touchgfx17LockFreeDMA_QueueE)
 <LI><a href="#[168]">touchgfx::LockFreeDMA_Queue::isEmpty()</a> from dma.o(i._ZN8touchgfx17LockFreeDMA_Queue7isEmptyEv) referenced from dma.o(.constdata__ZTVN8touchgfx17LockFreeDMA_QueueE)
 <LI><a href="#[16e]">touchgfx::ClickButtonTrigger::handleClickEvent(const touchgfx::ClickEvent&)</a> from firstview.o(i._ZN8touchgfx18ClickButtonTrigger16handleClickEventERKNS_10ClickEventE) referenced from firstviewbase.o(.constdata__ZTVN8touchgfx18ClickButtonTriggerE)
 <LI><a href="#[16e]">touchgfx::ClickButtonTrigger::handleClickEvent(const touchgfx::ClickEvent&)</a> from firstview.o(i._ZN8touchgfx18ClickButtonTrigger16handleClickEventERKNS_10ClickEventE) referenced from firstview.o(.constdata__ZTVN8touchgfx24BoxWithBorderButtonStyleINS_18ClickButtonTriggerEEE)
 <LI><a href="#[16d]">touchgfx::ClickButtonTrigger::~ClickButtonTrigger()</a> from firstviewbase.o(i._ZN8touchgfx18ClickButtonTriggerD1Ev) referenced from firstviewbase.o(.constdata__ZTVN8touchgfx18ClickButtonTriggerE)
 <LI><a href="#[141]">touchgfx::AbstractPainterRGB565::renderInit()</a> from abstractpainterrgb565.o(i._ZN8touchgfx21AbstractPainterRGB56510renderInitEv) referenced from painterrgb565.o(.constdata__ZTVN8touchgfx13PainterRGB565E)
 <LI><a href="#[141]">touchgfx::AbstractPainterRGB565::renderInit()</a> from abstractpainterrgb565.o(i._ZN8touchgfx21AbstractPainterRGB56510renderInitEv) referenced from abstractpainterrgb565.o(.constdata__ZTVN8touchgfx21AbstractPainterRGB565E)
 <LI><a href="#[172]">touchgfx::AbstractPainterRGB565::renderNext(unsigned char&, unsigned char&, unsigned char&, unsigned char&)</a> from abstractpainterrgb565.o(i._ZN8touchgfx21AbstractPainterRGB56510renderNextERhS1_S1_S1_) referenced from abstractpainterrgb565.o(.constdata__ZTVN8touchgfx21AbstractPainterRGB565E)
 <LI><a href="#[143]">touchgfx::AbstractPainterRGB565::renderPixel(unsigned short*, unsigned char, unsigned char, unsigned char)</a> from abstractpainterrgb565.o(i._ZN8touchgfx21AbstractPainterRGB56511renderPixelEPthhh) referenced from painterrgb565.o(.constdata__ZTVN8touchgfx13PainterRGB565E)
 <LI><a href="#[143]">touchgfx::AbstractPainterRGB565::renderPixel(unsigned short*, unsigned char, unsigned char, unsigned char)</a> from abstractpainterrgb565.o(i._ZN8touchgfx21AbstractPainterRGB56511renderPixelEPthhh) referenced from abstractpainterrgb565.o(.constdata__ZTVN8touchgfx21AbstractPainterRGB565E)
 <LI><a href="#[171]">touchgfx::AbstractPainterRGB565::render(unsigned char*, int, int, int, unsigned, const unsigned char*)</a> from abstractpainterrgb565.o(i._ZN8touchgfx21AbstractPainterRGB5656renderEPhiiijPKh) referenced from abstractpainterrgb565.o(.constdata__ZTVN8touchgfx21AbstractPainterRGB565E)
 <LI><a href="#[163]">touchgfx::DataGraphWrapAndClear::beforeAddValue()</a> from graphwrapandclear.o(i._ZN8touchgfx21DataGraphWrapAndClear14beforeAddValueEv) referenced from firstviewbase.o(.constdata__ZTVN8touchgfx17GraphWrapAndClearILs100EEE)
 <LI><a href="#[163]">touchgfx::DataGraphWrapAndClear::beforeAddValue()</a> from graphwrapandclear.o(i._ZN8touchgfx21DataGraphWrapAndClear14beforeAddValueEv) referenced from graphwrapandclear.o(.constdata__ZTVN8touchgfx21DataGraphWrapAndClearE)
 <LI><a href="#[164]">touchgfx::DataGraphWrapAndClear::addValue(int)</a> from graphwrapandclear.o(i._ZN8touchgfx21DataGraphWrapAndClear8addValueEi) referenced from firstviewbase.o(.constdata__ZTVN8touchgfx17GraphWrapAndClearILs100EEE)
 <LI><a href="#[164]">touchgfx::DataGraphWrapAndClear::addValue(int)</a> from graphwrapandclear.o(i._ZN8touchgfx21DataGraphWrapAndClear8addValueEi) referenced from graphwrapandclear.o(.constdata__ZTVN8touchgfx21DataGraphWrapAndClearE)
 <LI><a href="#[161]">touchgfx::AbstractDataGraphWithY::setXAxisScale(int)</a> from abstractdatagraph.o(i._ZN8touchgfx22AbstractDataGraphWithY13setXAxisScaleEi) referenced from firstviewbase.o(.constdata__ZTVN8touchgfx17GraphWrapAndClearILs100EEE)
 <LI><a href="#[161]">touchgfx::AbstractDataGraphWithY::setXAxisScale(int)</a> from abstractdatagraph.o(i._ZN8touchgfx22AbstractDataGraphWithY13setXAxisScaleEi) referenced from graphwrapandclear.o(.constdata__ZTVN8touchgfx21DataGraphWrapAndClearE)
 <LI><a href="#[161]">touchgfx::AbstractDataGraphWithY::setXAxisScale(int)</a> from abstractdatagraph.o(i._ZN8touchgfx22AbstractDataGraphWithY13setXAxisScaleEi) referenced from abstractdatagraph.o(.constdata__ZTVN8touchgfx22AbstractDataGraphWithYE)
 <LI><a href="#[173]">touchgfx::AbstractDataGraphWithY::beforeAddValue()</a> from abstractdatagraph.o(i._ZN8touchgfx22AbstractDataGraphWithY14beforeAddValueEv) referenced from abstractdatagraph.o(.constdata__ZTVN8touchgfx22AbstractDataGraphWithYE)
 <LI><a href="#[156]">touchgfx::AbstractDataGraphWithY::setGraphRangeX(int, int)</a> from abstractdatagraph.o(i._ZN8touchgfx22AbstractDataGraphWithY14setGraphRangeXEii) referenced from firstviewbase.o(.constdata__ZTVN8touchgfx17GraphWrapAndClearILs100EEE)
 <LI><a href="#[156]">touchgfx::AbstractDataGraphWithY::setGraphRangeX(int, int)</a> from abstractdatagraph.o(i._ZN8touchgfx22AbstractDataGraphWithY14setGraphRangeXEii) referenced from graphwrapandclear.o(.constdata__ZTVN8touchgfx21DataGraphWrapAndClearE)
 <LI><a href="#[156]">touchgfx::AbstractDataGraphWithY::setGraphRangeX(int, int)</a> from abstractdatagraph.o(i._ZN8touchgfx22AbstractDataGraphWithY14setGraphRangeXEii) referenced from abstractdatagraph.o(.constdata__ZTVN8touchgfx22AbstractDataGraphWithYE)
 <LI><a href="#[158]">touchgfx::AbstractDataGraphWithY::setGraphRangeY(float, float)</a> from abstractdatagraph.o(i._ZN8touchgfx22AbstractDataGraphWithY14setGraphRangeYEff) referenced from firstviewbase.o(.constdata__ZTVN8touchgfx17GraphWrapAndClearILs100EEE)
 <LI><a href="#[158]">touchgfx::AbstractDataGraphWithY::setGraphRangeY(float, float)</a> from abstractdatagraph.o(i._ZN8touchgfx22AbstractDataGraphWithY14setGraphRangeYEff) referenced from graphwrapandclear.o(.constdata__ZTVN8touchgfx21DataGraphWrapAndClearE)
 <LI><a href="#[158]">touchgfx::AbstractDataGraphWithY::setGraphRangeY(float, float)</a> from abstractdatagraph.o(i._ZN8touchgfx22AbstractDataGraphWithY14setGraphRangeYEff) referenced from abstractdatagraph.o(.constdata__ZTVN8touchgfx22AbstractDataGraphWithYE)
 <LI><a href="#[157]">touchgfx::AbstractDataGraphWithY::setGraphRangeY(int, int)</a> from abstractdatagraph.o(i._ZN8touchgfx22AbstractDataGraphWithY14setGraphRangeYEii) referenced from firstviewbase.o(.constdata__ZTVN8touchgfx17GraphWrapAndClearILs100EEE)
 <LI><a href="#[157]">touchgfx::AbstractDataGraphWithY::setGraphRangeY(int, int)</a> from abstractdatagraph.o(i._ZN8touchgfx22AbstractDataGraphWithY14setGraphRangeYEii) referenced from graphwrapandclear.o(.constdata__ZTVN8touchgfx21DataGraphWrapAndClearE)
 <LI><a href="#[157]">touchgfx::AbstractDataGraphWithY::setGraphRangeY(int, int)</a> from abstractdatagraph.o(i._ZN8touchgfx22AbstractDataGraphWithY14setGraphRangeYEii) referenced from abstractdatagraph.o(.constdata__ZTVN8touchgfx22AbstractDataGraphWithYE)
 <LI><a href="#[162]">touchgfx::AbstractDataGraphWithY::setXAxisOffset(int)</a> from abstractdatagraph.o(i._ZN8touchgfx22AbstractDataGraphWithY14setXAxisOffsetEi) referenced from firstviewbase.o(.constdata__ZTVN8touchgfx17GraphWrapAndClearILs100EEE)
 <LI><a href="#[162]">touchgfx::AbstractDataGraphWithY::setXAxisOffset(int)</a> from abstractdatagraph.o(i._ZN8touchgfx22AbstractDataGraphWithY14setXAxisOffsetEi) referenced from graphwrapandclear.o(.constdata__ZTVN8touchgfx21DataGraphWrapAndClearE)
 <LI><a href="#[162]">touchgfx::AbstractDataGraphWithY::setXAxisOffset(int)</a> from abstractdatagraph.o(i._ZN8touchgfx22AbstractDataGraphWithY14setXAxisOffsetEi) referenced from abstractdatagraph.o(.constdata__ZTVN8touchgfx22AbstractDataGraphWithYE)
 <LI><a href="#[166]">touchgfx::AbstractDataGraphWithY::setXAxisScaleScaled(int)</a> from abstractdatagraph.o(i._ZN8touchgfx22AbstractDataGraphWithY19setXAxisScaleScaledEi) referenced from firstviewbase.o(.constdata__ZTVN8touchgfx17GraphWrapAndClearILs100EEE)
 <LI><a href="#[166]">touchgfx::AbstractDataGraphWithY::setXAxisScaleScaled(int)</a> from abstractdatagraph.o(i._ZN8touchgfx22AbstractDataGraphWithY19setXAxisScaleScaledEi) referenced from graphwrapandclear.o(.constdata__ZTVN8touchgfx21DataGraphWrapAndClearE)
 <LI><a href="#[166]">touchgfx::AbstractDataGraphWithY::setXAxisScaleScaled(int)</a> from abstractdatagraph.o(i._ZN8touchgfx22AbstractDataGraphWithY19setXAxisScaleScaledEi) referenced from abstractdatagraph.o(.constdata__ZTVN8touchgfx22AbstractDataGraphWithYE)
 <LI><a href="#[15b]">touchgfx::AbstractDataGraphWithY::setGraphRangeYScaled(int, int)</a> from abstractdatagraph.o(i._ZN8touchgfx22AbstractDataGraphWithY20setGraphRangeYScaledEii) referenced from firstviewbase.o(.constdata__ZTVN8touchgfx17GraphWrapAndClearILs100EEE)
 <LI><a href="#[15b]">touchgfx::AbstractDataGraphWithY::setGraphRangeYScaled(int, int)</a> from abstractdatagraph.o(i._ZN8touchgfx22AbstractDataGraphWithY20setGraphRangeYScaledEii) referenced from graphwrapandclear.o(.constdata__ZTVN8touchgfx21DataGraphWrapAndClearE)
 <LI><a href="#[15b]">touchgfx::AbstractDataGraphWithY::setGraphRangeYScaled(int, int)</a> from abstractdatagraph.o(i._ZN8touchgfx22AbstractDataGraphWithY20setGraphRangeYScaledEii) referenced from abstractdatagraph.o(.constdata__ZTVN8touchgfx22AbstractDataGraphWithYE)
 <LI><a href="#[167]">touchgfx::AbstractDataGraphWithY::setXAxisOffsetScaled(int)</a> from abstractdatagraph.o(i._ZN8touchgfx22AbstractDataGraphWithY20setXAxisOffsetScaledEi) referenced from firstviewbase.o(.constdata__ZTVN8touchgfx17GraphWrapAndClearILs100EEE)
 <LI><a href="#[167]">touchgfx::AbstractDataGraphWithY::setXAxisOffsetScaled(int)</a> from abstractdatagraph.o(i._ZN8touchgfx22AbstractDataGraphWithY20setXAxisOffsetScaledEi) referenced from graphwrapandclear.o(.constdata__ZTVN8touchgfx21DataGraphWrapAndClearE)
 <LI><a href="#[167]">touchgfx::AbstractDataGraphWithY::setXAxisOffsetScaled(int)</a> from abstractdatagraph.o(i._ZN8touchgfx22AbstractDataGraphWithY20setXAxisOffsetScaledEi) referenced from abstractdatagraph.o(.constdata__ZTVN8touchgfx22AbstractDataGraphWithYE)
 <LI><a href="#[155]">touchgfx::AbstractDataGraphWithY::setScale(int)</a> from abstractdatagraph.o(i._ZN8touchgfx22AbstractDataGraphWithY8setScaleEi) referenced from firstviewbase.o(.constdata__ZTVN8touchgfx17GraphWrapAndClearILs100EEE)
 <LI><a href="#[155]">touchgfx::AbstractDataGraphWithY::setScale(int)</a> from abstractdatagraph.o(i._ZN8touchgfx22AbstractDataGraphWithY8setScaleEi) referenced from graphwrapandclear.o(.constdata__ZTVN8touchgfx21DataGraphWrapAndClearE)
 <LI><a href="#[155]">touchgfx::AbstractDataGraphWithY::setScale(int)</a> from abstractdatagraph.o(i._ZN8touchgfx22AbstractDataGraphWithY8setScaleEi) referenced from abstractdatagraph.o(.constdata__ZTVN8touchgfx22AbstractDataGraphWithYE)
 <LI><a href="#[16f]">touchgfx::AbstractButtonContainer::executeAction()</a> from firstview.o(i._ZN8touchgfx23AbstractButtonContainer13executeActionEv) referenced from firstviewbase.o(.constdata__ZTVN8touchgfx18ClickButtonTriggerE)
 <LI><a href="#[16f]">touchgfx::AbstractButtonContainer::executeAction()</a> from firstview.o(i._ZN8touchgfx23AbstractButtonContainer13executeActionEv) referenced from firstviewbase.o(.constdata__ZTVN8touchgfx23AbstractButtonContainerE)
 <LI><a href="#[16f]">touchgfx::AbstractButtonContainer::executeAction()</a> from firstview.o(i._ZN8touchgfx23AbstractButtonContainer13executeActionEv) referenced from firstview.o(.constdata__ZTVN8touchgfx24BoxWithBorderButtonStyleINS_18ClickButtonTriggerEEE)
 <LI><a href="#[170]">touchgfx::AbstractButtonContainer::handlePressedUpdated()</a> from firstviewbase.o(i._ZN8touchgfx23AbstractButtonContainer20handlePressedUpdatedEv) referenced from firstviewbase.o(.constdata__ZTVN8touchgfx18ClickButtonTriggerE)
 <LI><a href="#[170]">touchgfx::AbstractButtonContainer::handlePressedUpdated()</a> from firstviewbase.o(i._ZN8touchgfx23AbstractButtonContainer20handlePressedUpdatedEv) referenced from firstviewbase.o(.constdata__ZTVN8touchgfx23AbstractButtonContainerE)
 <LI><a href="#[174]">touchgfx::AbstractButtonContainer::~AbstractButtonContainer()</a> from firstviewbase.o(i._ZN8touchgfx23AbstractButtonContainerD1Ev) referenced from firstviewbase.o(.constdata__ZTVN8touchgfx23AbstractButtonContainerE)
 <LI><a href="#[178]">touchgfx::TextAreaWithOneWildcard::getTextHeight()</a> from textareawithwildcard.o(i._ZN8touchgfx23TextAreaWithOneWildcard13getTextHeightEv) referenced from textareawithwildcard.o(.constdata__ZTVN8touchgfx23TextAreaWithOneWildcardE)
 <LI><a href="#[175]">touchgfx::TextAreaWithOneWildcard::~TextAreaWithOneWildcard()</a> from textareawithwildcard.o(i._ZN8touchgfx23TextAreaWithOneWildcardD1Ev) referenced from textareawithwildcard.o(.constdata__ZTVN8touchgfx23TextAreaWithOneWildcardE)
 <LI><a href="#[17c]">touchgfx::BoxWithBorderButtonStyle&lang;touchgfx::ClickButtonTrigger&rang;::handlePressedUpdated()</a> from firstview.o(t._ZN8touchgfx24BoxWithBorderButtonStyleINS_18ClickButtonTriggerEE20handlePressedUpdatedEv) referenced from firstview.o(.constdata__ZTVN8touchgfx24BoxWithBorderButtonStyleINS_18ClickButtonTriggerEEE)
 <LI><a href="#[17b]">touchgfx::BoxWithBorderButtonStyle&lang;touchgfx::ClickButtonTrigger&rang;::~BoxWithBorderButtonStyle()</a> from firstviewbase.o(i._ZN8touchgfx24BoxWithBorderButtonStyleINS_18ClickButtonTriggerEED1Ev) referenced from firstview.o(.constdata__ZTVN8touchgfx24BoxWithBorderButtonStyleINS_18ClickButtonTriggerEEE)
 <LI><a href="#[17d]">touchgfx::Box::~Box()</a> from box.o(i._ZN8touchgfx3BoxD1Ev) referenced from box.o(.constdata__ZTVN8touchgfx3BoxE)
 <LI><a href="#[182]">touchgfx::HAL::beginFrame()</a> from hal.o(i._ZN8touchgfx3HAL10beginFrameEv) referenced from hal.o(.constdata__ZTVN8touchgfx3HALE)
 <LI><a href="#[17f]">touchgfx::HAL::initialize()</a> from hal.o(i._ZN8touchgfx3HAL10initializeEv) referenced from hal.o(.constdata__ZTVN8touchgfx3HALE)
 <LI><a href="#[c4]">touchgfx::HAL::getBlitCaps()</a> from hal.o(i._ZN8touchgfx3HAL11getBlitCapsEv) referenced from touchgfxhal.o(.constdata__ZTV11TouchGFXHAL)
 <LI><a href="#[c4]">touchgfx::HAL::getBlitCaps()</a> from hal.o(i._ZN8touchgfx3HAL11getBlitCapsEv) referenced from touchgfxgeneratedhal.o(.constdata__ZTV20TouchGFXGeneratedHAL)
 <LI><a href="#[c4]">touchgfx::HAL::getBlitCaps()</a> from hal.o(i._ZN8touchgfx3HAL11getBlitCapsEv) referenced from hal.o(.constdata__ZTVN8touchgfx3HALE)
 <LI><a href="#[c5]">touchgfx::HAL::blitCopyGlyph(const unsigned char*, unsigned short, unsigned short, unsigned short, unsigned short, unsigned short, touchgfx::colortype, unsigned char, touchgfx::BlitOperations, bool)</a> from hal.o(i._ZN8touchgfx3HAL13blitCopyGlyphEPKhtttttNS_9colortypeEhNS_14BlitOperationsEb) referenced from touchgfxhal.o(.constdata__ZTV11TouchGFXHAL)
 <LI><a href="#[c5]">touchgfx::HAL::blitCopyGlyph(const unsigned char*, unsigned short, unsigned short, unsigned short, unsigned short, unsigned short, touchgfx::colortype, unsigned char, touchgfx::BlitOperations, bool)</a> from hal.o(i._ZN8touchgfx3HAL13blitCopyGlyphEPKhtttttNS_9colortypeEhNS_14BlitOperationsEb) referenced from touchgfxgeneratedhal.o(.constdata__ZTV20TouchGFXGeneratedHAL)
 <LI><a href="#[c5]">touchgfx::HAL::blitCopyGlyph(const unsigned char*, unsigned short, unsigned short, unsigned short, unsigned short, unsigned short, touchgfx::colortype, unsigned char, touchgfx::BlitOperations, bool)</a> from hal.o(i._ZN8touchgfx3HAL13blitCopyGlyphEPKhtttttNS_9colortypeEhNS_14BlitOperationsEb) referenced from hal.o(.constdata__ZTVN8touchgfx3HALE)
 <LI><a href="#[c9]">touchgfx::HAL::backPorchExited()</a> from hal.o(i._ZN8touchgfx3HAL15backPorchExitedEv) referenced from touchgfxhal.o(.constdata__ZTV11TouchGFXHAL)
 <LI><a href="#[c9]">touchgfx::HAL::backPorchExited()</a> from hal.o(i._ZN8touchgfx3HAL15backPorchExitedEv) referenced from touchgfxgeneratedhal.o(.constdata__ZTV20TouchGFXGeneratedHAL)
 <LI><a href="#[c9]">touchgfx::HAL::backPorchExited()</a> from hal.o(i._ZN8touchgfx3HAL15backPorchExitedEv) referenced from hal.o(.constdata__ZTVN8touchgfx3HALE)
 <LI><a href="#[c0]">touchgfx::HAL::lockFrameBuffer()</a> from hal.o(i._ZN8touchgfx3HAL15lockFrameBufferEv) referenced from touchgfxhal.o(.constdata__ZTV11TouchGFXHAL)
 <LI><a href="#[c0]">touchgfx::HAL::lockFrameBuffer()</a> from hal.o(i._ZN8touchgfx3HAL15lockFrameBufferEv) referenced from touchgfxgeneratedhal.o(.constdata__ZTV20TouchGFXGeneratedHAL)
 <LI><a href="#[c0]">touchgfx::HAL::lockFrameBuffer()</a> from hal.o(i._ZN8touchgfx3HAL15lockFrameBufferEv) referenced from hal.o(.constdata__ZTVN8touchgfx3HALE)
 <LI><a href="#[180]">touchgfx::HAL::flushFrameBuffer(const touchgfx::Rect&)</a> from hal.o(i._ZN8touchgfx3HAL16flushFrameBufferERKNS_4RectE) referenced from hal.o(.constdata__ZTVN8touchgfx3HALE)
 <LI><a href="#[be]">touchgfx::HAL::allowDMATransfers()</a> from hal.o(i._ZN8touchgfx3HAL17allowDMATransfersEv) referenced from touchgfxhal.o(.constdata__ZTV11TouchGFXHAL)
 <LI><a href="#[be]">touchgfx::HAL::allowDMATransfers()</a> from hal.o(i._ZN8touchgfx3HAL17allowDMATransfersEv) referenced from touchgfxgeneratedhal.o(.constdata__ZTV20TouchGFXGeneratedHAL)
 <LI><a href="#[be]">touchgfx::HAL::allowDMATransfers()</a> from hal.o(i._ZN8touchgfx3HAL17allowDMATransfersEv) referenced from hal.o(.constdata__ZTVN8touchgfx3HALE)
 <LI><a href="#[d1]">touchgfx::HAL::getTFTCurrentLine()</a> from hal.o(i._ZN8touchgfx3HAL17getTFTCurrentLineEv) referenced from touchgfxhal.o(.constdata__ZTV11TouchGFXHAL)
 <LI><a href="#[d1]">touchgfx::HAL::getTFTCurrentLine()</a> from hal.o(i._ZN8touchgfx3HAL17getTFTCurrentLineEv) referenced from touchgfxgeneratedhal.o(.constdata__ZTV20TouchGFXGeneratedHAL)
 <LI><a href="#[d1]">touchgfx::HAL::getTFTCurrentLine()</a> from hal.o(i._ZN8touchgfx3HAL17getTFTCurrentLineEv) referenced from hal.o(.constdata__ZTVN8touchgfx3HALE)
 <LI><a href="#[c1]">touchgfx::HAL::unlockFrameBuffer()</a> from hal.o(i._ZN8touchgfx3HAL17unlockFrameBufferEv) referenced from touchgfxhal.o(.constdata__ZTV11TouchGFXHAL)
 <LI><a href="#[c1]">touchgfx::HAL::unlockFrameBuffer()</a> from hal.o(i._ZN8touchgfx3HAL17unlockFrameBufferEv) referenced from touchgfxgeneratedhal.o(.constdata__ZTV20TouchGFXGeneratedHAL)
 <LI><a href="#[c1]">touchgfx::HAL::unlockFrameBuffer()</a> from hal.o(i._ZN8touchgfx3HAL17unlockFrameBufferEv) referenced from hal.o(.constdata__ZTVN8touchgfx3HALE)
 <LI><a href="#[c8]">touchgfx::HAL::registerEventListener(touchgfx::UIEventListener&)</a> from hal.o(i._ZN8touchgfx3HAL21registerEventListenerERNS_15UIEventListenerE) referenced from touchgfxhal.o(.constdata__ZTV11TouchGFXHAL)
 <LI><a href="#[c8]">touchgfx::HAL::registerEventListener(touchgfx::UIEventListener&)</a> from hal.o(i._ZN8touchgfx3HAL21registerEventListenerERNS_15UIEventListenerE) referenced from touchgfxgeneratedhal.o(.constdata__ZTV20TouchGFXGeneratedHAL)
 <LI><a href="#[c8]">touchgfx::HAL::registerEventListener(touchgfx::UIEventListener&)</a> from hal.o(i._ZN8touchgfx3HAL21registerEventListenerERNS_15UIEventListenerE) referenced from hal.o(.constdata__ZTVN8touchgfx3HALE)
 <LI><a href="#[ba]">touchgfx::HAL::setDisplayOrientation(touchgfx::DisplayOrientation)</a> from hal.o(i._ZN8touchgfx3HAL21setDisplayOrientationENS_18DisplayOrientationE) referenced from touchgfxhal.o(.constdata__ZTV11TouchGFXHAL)
 <LI><a href="#[ba]">touchgfx::HAL::setDisplayOrientation(touchgfx::DisplayOrientation)</a> from hal.o(i._ZN8touchgfx3HAL21setDisplayOrientationENS_18DisplayOrientationE) referenced from touchgfxgeneratedhal.o(.constdata__ZTV20TouchGFXGeneratedHAL)
 <LI><a href="#[ba]">touchgfx::HAL::setDisplayOrientation(touchgfx::DisplayOrientation)</a> from hal.o(i._ZN8touchgfx3HAL21setDisplayOrientationENS_18DisplayOrientationE) referenced from hal.o(.constdata__ZTVN8touchgfx3HALE)
 <LI><a href="#[cf]">touchgfx::HAL::configurePartialFrameBuffer(unsigned short, unsigned short, unsigned short, unsigned short)</a> from hal.o(i._ZN8touchgfx3HAL27configurePartialFrameBufferEtttt) referenced from touchgfxhal.o(.constdata__ZTV11TouchGFXHAL)
 <LI><a href="#[cf]">touchgfx::HAL::configurePartialFrameBuffer(unsigned short, unsigned short, unsigned short, unsigned short)</a> from hal.o(i._ZN8touchgfx3HAL27configurePartialFrameBufferEtttt) referenced from touchgfxgeneratedhal.o(.constdata__ZTV20TouchGFXGeneratedHAL)
 <LI><a href="#[cf]">touchgfx::HAL::configurePartialFrameBuffer(unsigned short, unsigned short, unsigned short, unsigned short)</a> from hal.o(i._ZN8touchgfx3HAL27configurePartialFrameBufferEtttt) referenced from hal.o(.constdata__ZTVN8touchgfx3HALE)
 <LI><a href="#[ce]">touchgfx::HAL::setFrameBufferStartAddresses(void*, void*, void*)</a> from hal.o(i._ZN8touchgfx3HAL28setFrameBufferStartAddressesEPvS1_S1_) referenced from touchgfxhal.o(.constdata__ZTV11TouchGFXHAL)
 <LI><a href="#[ce]">touchgfx::HAL::setFrameBufferStartAddresses(void*, void*, void*)</a> from hal.o(i._ZN8touchgfx3HAL28setFrameBufferStartAddressesEPvS1_S1_) referenced from touchgfxgeneratedhal.o(.constdata__ZTV20TouchGFXGeneratedHAL)
 <LI><a href="#[ce]">touchgfx::HAL::setFrameBufferStartAddresses(void*, void*, void*)</a> from hal.o(i._ZN8touchgfx3HAL28setFrameBufferStartAddressesEPvS1_S1_) referenced from hal.o(.constdata__ZTVN8touchgfx3HALE)
 <LI><a href="#[d8]">touchgfx::HAL::performDisplayOrientationChange()</a> from hal.o(i._ZN8touchgfx3HAL31performDisplayOrientationChangeEv) referenced from touchgfxhal.o(.constdata__ZTV11TouchGFXHAL)
 <LI><a href="#[d8]">touchgfx::HAL::performDisplayOrientationChange()</a> from hal.o(i._ZN8touchgfx3HAL31performDisplayOrientationChangeEv) referenced from touchgfxgeneratedhal.o(.constdata__ZTV20TouchGFXGeneratedHAL)
 <LI><a href="#[d8]">touchgfx::HAL::performDisplayOrientationChange()</a> from hal.o(i._ZN8touchgfx3HAL31performDisplayOrientationChangeEv) referenced from hal.o(.constdata__ZTVN8touchgfx3HALE)
 <LI><a href="#[d2]">touchgfx::HAL::tick()</a> from hal.o(i._ZN8touchgfx3HAL4tickEv) referenced from touchgfxhal.o(.constdata__ZTV11TouchGFXHAL)
 <LI><a href="#[d2]">touchgfx::HAL::tick()</a> from hal.o(i._ZN8touchgfx3HAL4tickEv) referenced from touchgfxgeneratedhal.o(.constdata__ZTV20TouchGFXGeneratedHAL)
 <LI><a href="#[d2]">touchgfx::HAL::tick()</a> from hal.o(i._ZN8touchgfx3HAL4tickEv) referenced from hal.o(.constdata__ZTVN8touchgfx3HALE)
 <LI><a href="#[d6]">touchgfx::HAL::touch(int, int)</a> from hal.o(i._ZN8touchgfx3HAL5touchEii) referenced from touchgfxhal.o(.constdata__ZTV11TouchGFXHAL)
 <LI><a href="#[d6]">touchgfx::HAL::touch(int, int)</a> from hal.o(i._ZN8touchgfx3HAL5touchEii) referenced from touchgfxgeneratedhal.o(.constdata__ZTV20TouchGFXGeneratedHAL)
 <LI><a href="#[d6]">touchgfx::HAL::touch(int, int)</a> from hal.o(i._ZN8touchgfx3HAL5touchEii) referenced from hal.o(.constdata__ZTVN8touchgfx3HALE)
 <LI><a href="#[d7]">touchgfx::HAL::noTouch()</a> from hal.o(i._ZN8touchgfx3HAL7noTouchEv) referenced from touchgfxhal.o(.constdata__ZTV11TouchGFXHAL)
 <LI><a href="#[d7]">touchgfx::HAL::noTouch()</a> from hal.o(i._ZN8touchgfx3HAL7noTouchEv) referenced from touchgfxgeneratedhal.o(.constdata__ZTV20TouchGFXGeneratedHAL)
 <LI><a href="#[d7]">touchgfx::HAL::noTouch()</a> from hal.o(i._ZN8touchgfx3HAL7noTouchEv) referenced from hal.o(.constdata__ZTVN8touchgfx3HALE)
 <LI><a href="#[c7]">touchgfx::HAL::blitFill(touchgfx::colortype, unsigned short, unsigned short, unsigned short, unsigned short, unsigned char, bool)</a> from hal.o(i._ZN8touchgfx3HAL8blitFillENS_9colortypeEtttthb) referenced from touchgfxhal.o(.constdata__ZTV11TouchGFXHAL)
 <LI><a href="#[c7]">touchgfx::HAL::blitFill(touchgfx::colortype, unsigned short, unsigned short, unsigned short, unsigned short, unsigned char, bool)</a> from hal.o(i._ZN8touchgfx3HAL8blitFillENS_9colortypeEtttthb) referenced from touchgfxgeneratedhal.o(.constdata__ZTV20TouchGFXGeneratedHAL)
 <LI><a href="#[c7]">touchgfx::HAL::blitFill(touchgfx::colortype, unsigned short, unsigned short, unsigned short, unsigned short, unsigned char, bool)</a> from hal.o(i._ZN8touchgfx3HAL8blitFillENS_9colortypeEtttthb) referenced from hal.o(.constdata__ZTVN8touchgfx3HALE)
 <LI><a href="#[c6]">touchgfx::HAL::blitFill(touchgfx::colortype, unsigned short, unsigned short, unsigned short, unsigned short, unsigned char, unsigned short, touchgfx::Bitmap::BitmapFormat, bool)</a> from hal.o(i._ZN8touchgfx3HAL8blitFillENS_9colortypeEtttthtNS_6Bitmap12BitmapFormatEb) referenced from touchgfxhal.o(.constdata__ZTV11TouchGFXHAL)
 <LI><a href="#[c6]">touchgfx::HAL::blitFill(touchgfx::colortype, unsigned short, unsigned short, unsigned short, unsigned short, unsigned char, unsigned short, touchgfx::Bitmap::BitmapFormat, bool)</a> from hal.o(i._ZN8touchgfx3HAL8blitFillENS_9colortypeEtttthtNS_6Bitmap12BitmapFormatEb) referenced from touchgfxgeneratedhal.o(.constdata__ZTV20TouchGFXGeneratedHAL)
 <LI><a href="#[c6]">touchgfx::HAL::blitFill(touchgfx::colortype, unsigned short, unsigned short, unsigned short, unsigned short, unsigned char, unsigned short, touchgfx::Bitmap::BitmapFormat, bool)</a> from hal.o(i._ZN8touchgfx3HAL8blitFillENS_9colortypeEtttthtNS_6Bitmap12BitmapFormatEb) referenced from hal.o(.constdata__ZTVN8touchgfx3HALE)
 <LI><a href="#[183]">touchgfx::HAL::endFrame()</a> from hal.o(i._ZN8touchgfx3HAL8endFrameEv) referenced from hal.o(.constdata__ZTVN8touchgfx3HALE)
 <LI><a href="#[bf]">touchgfx::HAL::flushDMA()</a> from hal.o(i._ZN8touchgfx3HAL8flushDMAEv) referenced from touchgfxhal.o(.constdata__ZTV11TouchGFXHAL)
 <LI><a href="#[bf]">touchgfx::HAL::flushDMA()</a> from hal.o(i._ZN8touchgfx3HAL8flushDMAEv) referenced from touchgfxgeneratedhal.o(.constdata__ZTV20TouchGFXGeneratedHAL)
 <LI><a href="#[bf]">touchgfx::HAL::flushDMA()</a> from hal.o(i._ZN8touchgfx3HAL8flushDMAEv) referenced from hal.o(.constdata__ZTVN8touchgfx3HALE)
 <LI><a href="#[181]">touchgfx::HAL::blockCopy(void*, const void*, unsigned)</a> from hal.o(i._ZN8touchgfx3HAL9blockCopyEPvPKvj) referenced from hal.o(.constdata__ZTVN8touchgfx3HALE)
 <LI><a href="#[d0]">touchgfx::HAL::taskDelay(unsigned short)</a> from hal.o(i._ZN8touchgfx3HAL9taskDelayEt) referenced from touchgfxhal.o(.constdata__ZTV11TouchGFXHAL)
 <LI><a href="#[d0]">touchgfx::HAL::taskDelay(unsigned short)</a> from hal.o(i._ZN8touchgfx3HAL9taskDelayEt) referenced from touchgfxgeneratedhal.o(.constdata__ZTV20TouchGFXGeneratedHAL)
 <LI><a href="#[d0]">touchgfx::HAL::taskDelay(unsigned short)</a> from hal.o(i._ZN8touchgfx3HAL9taskDelayEt) referenced from hal.o(.constdata__ZTVN8touchgfx3HALE)
 <LI><a href="#[bc]">touchgfx::HAL::taskEntry()</a> from hal.o(i._ZN8touchgfx3HAL9taskEntryEv) referenced from touchgfxhal.o(.constdata__ZTV11TouchGFXHAL)
 <LI><a href="#[bc]">touchgfx::HAL::taskEntry()</a> from hal.o(i._ZN8touchgfx3HAL9taskEntryEv) referenced from touchgfxgeneratedhal.o(.constdata__ZTV20TouchGFXGeneratedHAL)
 <LI><a href="#[bc]">touchgfx::HAL::taskEntry()</a> from hal.o(i._ZN8touchgfx3HAL9taskEntryEv) referenced from hal.o(.constdata__ZTVN8touchgfx3HALE)
 <LI><a href="#[85]">touchgfx::Rect::Rect()</a> from application.o(i._ZN8touchgfx4RectC1Ev) referenced from application.o(i._ZN8touchgfx11Application19cacheDrawOperationsEb)
 <LI><a href="#[85]">touchgfx::Rect::Rect()</a> from application.o(i._ZN8touchgfx4RectC1Ev) referenced from application.o(i._ZN8touchgfx11ApplicationC1Ev)
 <LI><a href="#[187]">touchgfx::View&lang;FirstPresenter&rang;::~View()</a> from firstviewbase.o(i._ZN8touchgfx4ViewI14FirstPresenterED1Ev) referenced from firstviewbase.o(.constdata__ZTVN8touchgfx4ViewI14FirstPresenterEE)
 <LI><a href="#[189]">touchgfx::View&lang;Screen1Presenter&rang;::~View()</a> from screen1viewbase.o(i._ZN8touchgfx4ViewI16Screen1PresenterED1Ev) referenced from screen1viewbase.o(.constdata__ZTVN8touchgfx4ViewI16Screen1PresenterEE)
 <LI><a href="#[84]">touchgfx::BlitOp::BlitOp()</a> from stm32dma.o(i._ZN8touchgfx6BlitOpC1Ev) referenced from stm32dma.o(i._ZN8STM32DMAC1Ev)
 <LI><a href="#[18a]">touchgfx::Canvas::~Canvas()</a> from canvas.o(i._ZN8touchgfx6CanvasD1Ev) referenced from canvas.o(.constdata__ZTVN8touchgfx6CanvasE)
 <LI><a href="#[188]">touchgfx::Screen::setupScreen()</a> from screen.o(i._ZN8touchgfx6Screen11setupScreenEv) referenced from firstviewbase.o(.constdata__ZTVN8touchgfx4ViewI14FirstPresenterEE)
 <LI><a href="#[188]">touchgfx::Screen::setupScreen()</a> from screen.o(i._ZN8touchgfx6Screen11setupScreenEv) referenced from screen1viewbase.o(.constdata__ZTVN8touchgfx4ViewI16Screen1PresenterEE)
[...]
</UL>

<P><STRONG><a name="[1bf]"></a>_printf_fp_hex</STRONG> (Thumb, 4 bytes, Stack size 0 bytes, printf2.o(x$fpl$printf2))
<BR><BR>[Calls]<UL><LI><a href="#[21f]">&gt;&gt;</a>&nbsp;&nbsp;&nbsp;_printf_fp_hex_real
</UL>
<BR>[Called By]<UL><LI><a href="#[1be]">&gt;&gt;</a>&nbsp;&nbsp;&nbsp;_printf_a
</UL>
<P>
<H3>
Local Symbols
</H3>
<P><STRONG><a name="[262]"></a>HAL_FMC_MspInit</STRONG> (Thumb, 212 bytes, Stack size 0 bytes, fmc.o(i.HAL_FMC_MspInit))
<BR><BR>[Calls]<UL><LI><a href="#[234]">&gt;&gt;</a>&nbsp;&nbsp;&nbsp;HAL_GPIO_Init
<LI><a href="#[24d]">&gt;&gt;</a>&nbsp;&nbsp;&nbsp;__aeabi_memclr4
</UL>
<BR>[Called By]<UL><LI><a href="#[281]">&gt;&gt;</a>&nbsp;&nbsp;&nbsp;HAL_SDRAM_MspInit
</UL>

<P><STRONG><a name="[243]"></a>GetAdcSampleRateHz</STRONG> (Thumb, 54 bytes, Stack size 0 bytes, tim.o(i.GetAdcSampleRateHz))
<BR><BR>[Calls]<UL><LI><a href="#[245]">&gt;&gt;</a>&nbsp;&nbsp;&nbsp;HAL_RCC_GetPCLK1Freq
<LI><a href="#[244]">&gt;&gt;</a>&nbsp;&nbsp;&nbsp;HAL_RCC_GetClockConfig
</UL>
<BR>[Called By]<UL><LI><a href="#[2c8]">&gt;&gt;</a>&nbsp;&nbsp;&nbsp;TIM1_GetFrequencyHz
<LI><a href="#[246]">&gt;&gt;</a>&nbsp;&nbsp;&nbsp;TIM1_ProcessAdcSamples
</UL>

<P><STRONG><a name="[1ac]"></a>__sti___25_TouchGFXConfiguration_cpp_f5abfd34</STRONG> (Thumb, 148 bytes, Stack size 0 bytes, touchgfxconfiguration.o(i.__sti___25_TouchGFXConfiguration_cpp_f5abfd34))
<BR><BR>[Calls]<UL><LI><a href="#[3aa]">&gt;&gt;</a>&nbsp;&nbsp;&nbsp;touchgfx::LCD16bpp::LCD16bpp()
<LI><a href="#[31f]">&gt;&gt;</a>&nbsp;&nbsp;&nbsp;STM32DMA::STM32DMA()
<LI><a href="#[3ab]">&gt;&gt;</a>&nbsp;&nbsp;&nbsp;touchgfx::HAL::HAL__sub_object(touchgfx::DMA_Interface&, touchgfx::LCD&, touchgfx::TouchController&, unsigned short, unsigned short)
<LI><a href="#[1fe]">&gt;&gt;</a>&nbsp;&nbsp;&nbsp;__aeabi_atexit
</UL>
<BR>[Address Reference Count : 1]<UL><LI> touchgfxconfiguration.o(.init_array)
</UL>
<P><STRONG><a name="[30f]"></a>__NVIC_EnableIRQ(IRQn_Type)</STRONG> (Thumb, 26 bytes, Stack size 0 bytes, touchgfxgeneratedhal.o(i._Z16__NVIC_EnableIRQ9IRQn_Type))
<BR><BR>[Called By]<UL><LI><a href="#[f9]">&gt;&gt;</a>&nbsp;&nbsp;&nbsp;TouchGFXGeneratedHAL::enableInterrupts()
</UL>

<P><STRONG><a name="[310]"></a>__NVIC_DisableIRQ(IRQn_Type)</STRONG> (Thumb, 54 bytes, Stack size 0 bytes, touchgfxgeneratedhal.o(i._Z17__NVIC_DisableIRQ9IRQn_Type))
<BR><BR>[Called By]<UL><LI><a href="#[fa]">&gt;&gt;</a>&nbsp;&nbsp;&nbsp;TouchGFXGeneratedHAL::disableInterrupts()
</UL>

<P><STRONG><a name="[311]"></a>__NVIC_SetPriority(IRQn_Type, unsigned)</STRONG> (Thumb, 32 bytes, Stack size 0 bytes, touchgfxgeneratedhal.o(i._Z18__NVIC_SetPriority9IRQn_Typej))
<BR><BR>[Called By]<UL><LI><a href="#[f8]">&gt;&gt;</a>&nbsp;&nbsp;&nbsp;TouchGFXGeneratedHAL::configureInterrupts()
</UL>

<P><STRONG><a name="[83]"></a>DMA2D_XferCpltCallback(__DMA2D_HandleTypeDef*)</STRONG> (Thumb, 24 bytes, Stack size 0 bytes, stm32dma.o(i._Z22DMA2D_XferCpltCallbackP21__DMA2D_HandleTypeDef))
<BR>[Address Reference Count : 1]<UL><LI> stm32dma.o(i._ZN8STM32DMA10initializeEv)
</UL>
<P><STRONG><a name="[31a]"></a>&lang;unnamed namespace _15_screen1view_cpp_138590ac&rang;::stepperDelayCycles(unsigned)</STRONG> (Thumb, 14 bytes, Stack size 0 bytes, screen1view.o(i._ZN39_GLOBAL__N__15_screen1view_cpp_138590ac18stepperDelayCyclesEj))
<BR><BR>[Called By]<UL><LI><a href="#[2df]">&gt;&gt;</a>&nbsp;&nbsp;&nbsp;&lang;unnamed namespace _15_screen1view_cpp_138590ac&rang;::stepperMove90Degrees(GPIO_TypeDef*, unsigned short, unsigned short, unsigned short, bool, unsigned char)
</UL>

<P><STRONG><a name="[2df]"></a>&lang;unnamed namespace _15_screen1view_cpp_138590ac&rang;::stepperMove90Degrees(GPIO_TypeDef*, unsigned short, unsigned short, unsigned short, bool, unsigned char)</STRONG> (Thumb, 116 bytes, Stack size 0 bytes, screen1view.o(i._ZN39_GLOBAL__N__15_screen1view_cpp_138590ac20stepperMove90DegreesEP12GPIO_TypeDeftttbh))
<BR><BR>[Calls]<UL><LI><a href="#[2b6]">&gt;&gt;</a>&nbsp;&nbsp;&nbsp;HAL_GPIO_WritePin
<LI><a href="#[31a]">&gt;&gt;</a>&nbsp;&nbsp;&nbsp;&lang;unnamed namespace _15_screen1view_cpp_138590ac&rang;::stepperDelayCycles(unsigned)
</UL>
<BR>[Called By]<UL><LI><a href="#[2e0]">&gt;&gt;</a>&nbsp;&nbsp;&nbsp;Screen1View::moveBy90DegreesSecondary(bool)
<LI><a href="#[2de]">&gt;&gt;</a>&nbsp;&nbsp;&nbsp;Screen1View::moveBy90Degrees(bool)
</UL>

<P><STRONG><a name="[34b]"></a>touchgfx::prepareTransition(touchgfx::Screen**, touchgfx::Presenter**, touchgfx::Transition**)</STRONG> (Thumb, 96 bytes, Stack size 0 bytes, frontendapplicationbase.o(i._ZN8touchgfx17prepareTransitionEPPNS_6ScreenEPPNS_9PresenterEPPNS_10TransitionE))
<BR><BR>[Calls]<UL><LI><a href="#[2e9]">&gt;&gt;</a>&nbsp;&nbsp;&nbsp;touchgfx::Application::getInstance()
<LI><a href="#[34c]">&gt;&gt;</a>&nbsp;&nbsp;&nbsp;touchgfx::Application::clearAllTimerWidgets()
</UL>
<BR>[Called By]<UL><LI><a href="#[314]">&gt;&gt;</a>&nbsp;&nbsp;&nbsp;T2* touchgfx::makeTransition&lang;FirstView, FirstPresenter, touchgfx::NoTransition, Model&rang;(touchgfx::Screen**, touchgfx::Presenter**, touchgfx::MVPHeap&, touchgfx::Transition**, T4*)
<LI><a href="#[315]">&gt;&gt;</a>&nbsp;&nbsp;&nbsp;T2* touchgfx::makeTransition&lang;Screen1View, Screen1Presenter, touchgfx::NoTransition, Model&rang;(touchgfx::Screen**, touchgfx::Presenter**, touchgfx::MVPHeap&, touchgfx::Transition**, T4*)
</UL>

<P><STRONG><a name="[34f]"></a>touchgfx::finalizeTransition(touchgfx::Screen*, touchgfx::Presenter*, touchgfx::Transition*)</STRONG> (Thumb, 50 bytes, Stack size 0 bytes, frontendapplicationbase.o(i._ZN8touchgfx18finalizeTransitionEPNS_6ScreenEPNS_9PresenterEPNS_10TransitionE))
<BR><BR>[Calls]<UL><LI><a href="#[350]">&gt;&gt;</a>&nbsp;&nbsp;&nbsp;touchgfx::Screen::bindTransition(touchgfx::Transition&)
</UL>
<BR>[Called By]<UL><LI><a href="#[314]">&gt;&gt;</a>&nbsp;&nbsp;&nbsp;T2* touchgfx::makeTransition&lang;FirstView, FirstPresenter, touchgfx::NoTransition, Model&rang;(touchgfx::Screen**, touchgfx::Presenter**, touchgfx::MVPHeap&, touchgfx::Transition**, T4*)
<LI><a href="#[315]">&gt;&gt;</a>&nbsp;&nbsp;&nbsp;T2* touchgfx::makeTransition&lang;Screen1View, Screen1Presenter, touchgfx::NoTransition, Model&rang;(touchgfx::Screen**, touchgfx::Presenter**, touchgfx::MVPHeap&, touchgfx::Transition**, T4*)
</UL>

<P><STRONG><a name="[1ad]"></a>__sti___21_typedtextdatabase_cpp_05ec7672</STRONG> (Thumb, 36 bytes, Stack size 0 bytes, typedtextdatabase.o(i.__sti___21_typedtextdatabase_cpp_05ec7672))
<BR><BR>[Calls]<UL><LI><a href="#[2da]">&gt;&gt;</a>&nbsp;&nbsp;&nbsp;getFont_verdana_40_4bpp()
<LI><a href="#[2d7]">&gt;&gt;</a>&nbsp;&nbsp;&nbsp;getFont_verdana_20_4bpp()
<LI><a href="#[2dc]">&gt;&gt;</a>&nbsp;&nbsp;&nbsp;getFont_STZHONGS_TTF_24_4bpp()
<LI><a href="#[2db]">&gt;&gt;</a>&nbsp;&nbsp;&nbsp;getFont_STZHONGS_TTF_20_4bpp()
</UL>
<BR>[Address Reference Count : 1]<UL><LI> typedtextdatabase.o(.init_array)
</UL>
<P><STRONG><a name="[7f]"></a>ADC_DMAConvCplt</STRONG> (Thumb, 116 bytes, Stack size 0 bytes, stm32f4xx_hal_adc.o(i.ADC_DMAConvCplt))
<BR><BR>[Calls]<UL><LI><a href="#[22d]">&gt;&gt;</a>&nbsp;&nbsp;&nbsp;HAL_ADC_ConvCpltCallback
<LI><a href="#[22c]">&gt;&gt;</a>&nbsp;&nbsp;&nbsp;HAL_ADC_ErrorCallback
</UL>
<BR>[Address Reference Count : 1]<UL><LI> stm32f4xx_hal_adc.o(i.HAL_ADC_Start_DMA)
</UL>
<P><STRONG><a name="[81]"></a>ADC_DMAError</STRONG> (Thumb, 22 bytes, Stack size 0 bytes, stm32f4xx_hal_adc.o(i.ADC_DMAError))
<BR><BR>[Calls]<UL><LI><a href="#[22c]">&gt;&gt;</a>&nbsp;&nbsp;&nbsp;HAL_ADC_ErrorCallback
</UL>
<BR>[Address Reference Count : 1]<UL><LI> stm32f4xx_hal_adc.o(i.HAL_ADC_Start_DMA)
</UL>
<P><STRONG><a name="[80]"></a>ADC_DMAHalfConvCplt</STRONG> (Thumb, 10 bytes, Stack size 0 bytes, stm32f4xx_hal_adc.o(i.ADC_DMAHalfConvCplt))
<BR><BR>[Calls]<UL><LI><a href="#[22e]">&gt;&gt;</a>&nbsp;&nbsp;&nbsp;HAL_ADC_ConvHalfCpltCallback
</UL>
<BR>[Address Reference Count : 1]<UL><LI> stm32f4xx_hal_adc.o(i.HAL_ADC_Start_DMA)
</UL>
<P><STRONG><a name="[24c]"></a>ADC_Init</STRONG> (Thumb, 298 bytes, Stack size 0 bytes, stm32f4xx_hal_adc.o(i.ADC_Init))
<BR><BR>[Called By]<UL><LI><a href="#[24a]">&gt;&gt;</a>&nbsp;&nbsp;&nbsp;HAL_ADC_Init
</UL>

<P><STRONG><a name="[260]"></a>DMA_CalcBaseAndBitshift</STRONG> (Thumb, 44 bytes, Stack size 0 bytes, stm32f4xx_hal_dma.o(i.DMA_CalcBaseAndBitshift))
<BR><BR>[Called By]<UL><LI><a href="#[24e]">&gt;&gt;</a>&nbsp;&nbsp;&nbsp;HAL_DMA_Init
</UL>

<P><STRONG><a name="[25f]"></a>DMA_CheckFifoParam</STRONG> (Thumb, 126 bytes, Stack size 0 bytes, stm32f4xx_hal_dma.o(i.DMA_CheckFifoParam))
<BR><BR>[Called By]<UL><LI><a href="#[24e]">&gt;&gt;</a>&nbsp;&nbsp;&nbsp;HAL_DMA_Init
</UL>

<P><STRONG><a name="[261]"></a>DMA_SetConfig</STRONG> (Thumb, 56 bytes, Stack size 0 bytes, stm32f4xx_hal_dma.o(i.DMA_SetConfig))
<BR><BR>[Called By]<UL><LI><a href="#[253]">&gt;&gt;</a>&nbsp;&nbsp;&nbsp;HAL_DMA_Start_IT
</UL>

<P><STRONG><a name="[26a]"></a>LTDC_SetConfig</STRONG> (Thumb, 448 bytes, Stack size 0 bytes, stm32f4xx_hal_ltdc.o(i.LTDC_SetConfig))
<BR><BR>[Called By]<UL><LI><a href="#[269]">&gt;&gt;</a>&nbsp;&nbsp;&nbsp;HAL_LTDC_ConfigLayer
</UL>

<P><STRONG><a name="[28c]"></a>TIM_ITRx_SetConfig</STRONG> (Thumb, 16 bytes, Stack size 0 bytes, stm32f4xx_hal_tim.o(i.TIM_ITRx_SetConfig))
<BR><BR>[Called By]<UL><LI><a href="#[289]">&gt;&gt;</a>&nbsp;&nbsp;&nbsp;HAL_TIM_ConfigClockSource
</UL>

<P><STRONG><a name="[298]"></a>TIM_OC1_SetConfig</STRONG> (Thumb, 104 bytes, Stack size 0 bytes, stm32f4xx_hal_tim.o(i.TIM_OC1_SetConfig))
<BR><BR>[Called By]<UL><LI><a href="#[297]">&gt;&gt;</a>&nbsp;&nbsp;&nbsp;HAL_TIM_PWM_ConfigChannel
</UL>

<P><STRONG><a name="[29a]"></a>TIM_OC3_SetConfig</STRONG> (Thumb, 112 bytes, Stack size 0 bytes, stm32f4xx_hal_tim.o(i.TIM_OC3_SetConfig))
<BR><BR>[Called By]<UL><LI><a href="#[297]">&gt;&gt;</a>&nbsp;&nbsp;&nbsp;HAL_TIM_PWM_ConfigChannel
</UL>

<P><STRONG><a name="[29b]"></a>TIM_OC4_SetConfig</STRONG> (Thumb, 88 bytes, Stack size 0 bytes, stm32f4xx_hal_tim.o(i.TIM_OC4_SetConfig))
<BR><BR>[Called By]<UL><LI><a href="#[297]">&gt;&gt;</a>&nbsp;&nbsp;&nbsp;HAL_TIM_PWM_ConfigChannel
</UL>

<P><STRONG><a name="[28b]"></a>TIM_TI1_ConfigInputStage</STRONG> (Thumb, 38 bytes, Stack size 0 bytes, stm32f4xx_hal_tim.o(i.TIM_TI1_ConfigInputStage))
<BR><BR>[Called By]<UL><LI><a href="#[289]">&gt;&gt;</a>&nbsp;&nbsp;&nbsp;HAL_TIM_ConfigClockSource
</UL>

<P><STRONG><a name="[28d]"></a>TIM_TI2_ConfigInputStage</STRONG> (Thumb, 36 bytes, Stack size 0 bytes, stm32f4xx_hal_tim.o(i.TIM_TI2_ConfigInputStage))
<BR><BR>[Called By]<UL><LI><a href="#[289]">&gt;&gt;</a>&nbsp;&nbsp;&nbsp;HAL_TIM_ConfigClockSource
</UL>

<P><STRONG><a name="[2a3]"></a>UART_SetConfig</STRONG> (Thumb, 248 bytes, Stack size 0 bytes, stm32f4xx_hal_uart.o(i.UART_SetConfig))
<BR><BR>[Calls]<UL><LI><a href="#[245]">&gt;&gt;</a>&nbsp;&nbsp;&nbsp;HAL_RCC_GetPCLK1Freq
<LI><a href="#[27b]">&gt;&gt;</a>&nbsp;&nbsp;&nbsp;HAL_RCC_GetPCLK2Freq
<LI><a href="#[27c]">&gt;&gt;</a>&nbsp;&nbsp;&nbsp;__aeabi_uldivmod
</UL>
<BR>[Called By]<UL><LI><a href="#[2a1]">&gt;&gt;</a>&nbsp;&nbsp;&nbsp;HAL_UART_Init
</UL>

<P><STRONG><a name="[2a5]"></a>UART_WaitOnFlagUntilTimeout</STRONG> (Thumb, 140 bytes, Stack size 0 bytes, stm32f4xx_hal_uart.o(i.UART_WaitOnFlagUntilTimeout))
<BR><BR>[Calls]<UL><LI><a href="#[23e]">&gt;&gt;</a>&nbsp;&nbsp;&nbsp;HAL_GetTick
</UL>
<BR>[Called By]<UL><LI><a href="#[2a4]">&gt;&gt;</a>&nbsp;&nbsp;&nbsp;HAL_UART_Transmit
</UL>

<P><STRONG><a name="[3c7]"></a>prvCopyDataFromQueue</STRONG> (Thumb, 36 bytes, Stack size 0 bytes, queue.o(i.prvCopyDataFromQueue))
<BR><BR>[Calls]<UL><LI><a href="#[2ca]">&gt;&gt;</a>&nbsp;&nbsp;&nbsp;__aeabi_memcpy
</UL>
<BR>[Called By]<UL><LI><a href="#[3b8]">&gt;&gt;</a>&nbsp;&nbsp;&nbsp;xQueueReceiveFromISR
</UL>

<P><STRONG><a name="[3c8]"></a>prvCopyDataToQueue</STRONG> (Thumb, 110 bytes, Stack size 0 bytes, queue.o(i.prvCopyDataToQueue))
<BR><BR>[Calls]<UL><LI><a href="#[3c9]">&gt;&gt;</a>&nbsp;&nbsp;&nbsp;xTaskPriorityDisinherit
<LI><a href="#[2ca]">&gt;&gt;</a>&nbsp;&nbsp;&nbsp;__aeabi_memcpy
</UL>
<BR>[Called By]<UL><LI><a href="#[3b5]">&gt;&gt;</a>&nbsp;&nbsp;&nbsp;xQueueGenericSend
</UL>

<P><STRONG><a name="[3eb]"></a>prvGetDisinheritPriorityAfterTimeout</STRONG> (Thumb, 20 bytes, Stack size 0 bytes, queue.o(i.prvGetDisinheritPriorityAfterTimeout))
<BR><BR>[Called By]<UL><LI><a href="#[3b9]">&gt;&gt;</a>&nbsp;&nbsp;&nbsp;xQueueSemaphoreTake
</UL>

<P><STRONG><a name="[3cb]"></a>prvInitialiseNewQueue</STRONG> (Thumb, 24 bytes, Stack size 0 bytes, queue.o(i.prvInitialiseNewQueue))
<BR><BR>[Calls]<UL><LI><a href="#[3cc]">&gt;&gt;</a>&nbsp;&nbsp;&nbsp;xQueueGenericReset
</UL>
<BR>[Called By]<UL><LI><a href="#[3b3]">&gt;&gt;</a>&nbsp;&nbsp;&nbsp;xQueueGenericCreateStatic
<LI><a href="#[3b4]">&gt;&gt;</a>&nbsp;&nbsp;&nbsp;xQueueGenericCreate
</UL>

<P><STRONG><a name="[3d1]"></a>prvIsQueueEmpty</STRONG> (Thumb, 26 bytes, Stack size 0 bytes, queue.o(i.prvIsQueueEmpty))
<BR><BR>[Calls]<UL><LI><a href="#[3c4]">&gt;&gt;</a>&nbsp;&nbsp;&nbsp;vPortExitCritical
<LI><a href="#[3c2]">&gt;&gt;</a>&nbsp;&nbsp;&nbsp;vPortEnterCritical
</UL>
<BR>[Called By]<UL><LI><a href="#[3b9]">&gt;&gt;</a>&nbsp;&nbsp;&nbsp;xQueueSemaphoreTake
</UL>

<P><STRONG><a name="[3d2]"></a>prvIsQueueFull</STRONG> (Thumb, 30 bytes, Stack size 0 bytes, queue.o(i.prvIsQueueFull))
<BR><BR>[Calls]<UL><LI><a href="#[3c4]">&gt;&gt;</a>&nbsp;&nbsp;&nbsp;vPortExitCritical
<LI><a href="#[3c2]">&gt;&gt;</a>&nbsp;&nbsp;&nbsp;vPortEnterCritical
</UL>
<BR>[Called By]<UL><LI><a href="#[3b5]">&gt;&gt;</a>&nbsp;&nbsp;&nbsp;xQueueGenericSend
</UL>

<P><STRONG><a name="[3d3]"></a>prvUnlockQueue</STRONG> (Thumb, 104 bytes, Stack size 0 bytes, queue.o(i.prvUnlockQueue))
<BR><BR>[Calls]<UL><LI><a href="#[3d4]">&gt;&gt;</a>&nbsp;&nbsp;&nbsp;xTaskRemoveFromEventList
<LI><a href="#[3d5]">&gt;&gt;</a>&nbsp;&nbsp;&nbsp;vTaskMissedYield
<LI><a href="#[3c4]">&gt;&gt;</a>&nbsp;&nbsp;&nbsp;vPortExitCritical
<LI><a href="#[3c2]">&gt;&gt;</a>&nbsp;&nbsp;&nbsp;vPortEnterCritical
</UL>
<BR>[Called By]<UL><LI><a href="#[3b9]">&gt;&gt;</a>&nbsp;&nbsp;&nbsp;xQueueSemaphoreTake
<LI><a href="#[3b5]">&gt;&gt;</a>&nbsp;&nbsp;&nbsp;xQueueGenericSend
</UL>

<P><STRONG><a name="[3bd]"></a>prvAddCurrentTaskToDelayedList</STRONG> (Thumb, 110 bytes, Stack size 0 bytes, tasks.o(i.prvAddCurrentTaskToDelayedList))
<BR><BR>[Calls]<UL><LI><a href="#[3bf]">&gt;&gt;</a>&nbsp;&nbsp;&nbsp;vListInsertEnd
<LI><a href="#[3c0]">&gt;&gt;</a>&nbsp;&nbsp;&nbsp;vListInsert
<LI><a href="#[3be]">&gt;&gt;</a>&nbsp;&nbsp;&nbsp;uxListRemove
</UL>
<BR>[Called By]<UL><LI><a href="#[3b1]">&gt;&gt;</a>&nbsp;&nbsp;&nbsp;vTaskDelay
<LI><a href="#[3e0]">&gt;&gt;</a>&nbsp;&nbsp;&nbsp;vTaskPlaceOnEventList
</UL>

<P><STRONG><a name="[3c1]"></a>prvAddNewTaskToReadyList</STRONG> (Thumb, 124 bytes, Stack size 0 bytes, tasks.o(i.prvAddNewTaskToReadyList))
<BR><BR>[Calls]<UL><LI><a href="#[3c3]">&gt;&gt;</a>&nbsp;&nbsp;&nbsp;prvInitialiseTaskLists
<LI><a href="#[3bf]">&gt;&gt;</a>&nbsp;&nbsp;&nbsp;vListInsertEnd
<LI><a href="#[3c4]">&gt;&gt;</a>&nbsp;&nbsp;&nbsp;vPortExitCritical
<LI><a href="#[3c2]">&gt;&gt;</a>&nbsp;&nbsp;&nbsp;vPortEnterCritical
</UL>
<BR>[Called By]<UL><LI><a href="#[3bb]">&gt;&gt;</a>&nbsp;&nbsp;&nbsp;xTaskCreateStatic
<LI><a href="#[3bc]">&gt;&gt;</a>&nbsp;&nbsp;&nbsp;xTaskCreate
</UL>

<P><STRONG><a name="[3c5]"></a>prvCheckTasksWaitingTermination</STRONG> (Thumb, 56 bytes, Stack size 0 bytes, tasks.o(i.prvCheckTasksWaitingTermination))
<BR><BR>[Calls]<UL><LI><a href="#[3c6]">&gt;&gt;</a>&nbsp;&nbsp;&nbsp;prvDeleteTCB
<LI><a href="#[3be]">&gt;&gt;</a>&nbsp;&nbsp;&nbsp;uxListRemove
<LI><a href="#[3c4]">&gt;&gt;</a>&nbsp;&nbsp;&nbsp;vPortExitCritical
<LI><a href="#[3c2]">&gt;&gt;</a>&nbsp;&nbsp;&nbsp;vPortEnterCritical
</UL>
<BR>[Called By]<UL><LI><a href="#[a9]">&gt;&gt;</a>&nbsp;&nbsp;&nbsp;prvIdleTask
</UL>

<P><STRONG><a name="[3c6]"></a>prvDeleteTCB</STRONG> (Thumb, 64 bytes, Stack size 0 bytes, tasks.o(i.prvDeleteTCB))
<BR><BR>[Calls]<UL><LI><a href="#[3ca]">&gt;&gt;</a>&nbsp;&nbsp;&nbsp;vPortFree
</UL>
<BR>[Called By]<UL><LI><a href="#[3c5]">&gt;&gt;</a>&nbsp;&nbsp;&nbsp;prvCheckTasksWaitingTermination
</UL>

<P><STRONG><a name="[a9]"></a>prvIdleTask</STRONG> (Thumb, 30 bytes, Stack size 0 bytes, tasks.o(i.prvIdleTask))
<BR><BR>[Calls]<UL><LI><a href="#[3c5]">&gt;&gt;</a>&nbsp;&nbsp;&nbsp;prvCheckTasksWaitingTermination
</UL>
<BR>[Address Reference Count : 1]<UL><LI> tasks.o(i.vTaskStartScheduler)
</UL>
<P><STRONG><a name="[3cd]"></a>prvInitialiseNewTask</STRONG> (Thumb, 126 bytes, Stack size 0 bytes, tasks.o(i.prvInitialiseNewTask))
<BR><BR>[Calls]<UL><LI><a href="#[3cf]">&gt;&gt;</a>&nbsp;&nbsp;&nbsp;pxPortInitialiseStack
<LI><a href="#[3ce]">&gt;&gt;</a>&nbsp;&nbsp;&nbsp;vListInitialiseItem
</UL>
<BR>[Called By]<UL><LI><a href="#[3bb]">&gt;&gt;</a>&nbsp;&nbsp;&nbsp;xTaskCreateStatic
<LI><a href="#[3bc]">&gt;&gt;</a>&nbsp;&nbsp;&nbsp;xTaskCreate
</UL>

<P><STRONG><a name="[3c3]"></a>prvInitialiseTaskLists</STRONG> (Thumb, 66 bytes, Stack size 0 bytes, tasks.o(i.prvInitialiseTaskLists))
<BR><BR>[Calls]<UL><LI><a href="#[3d0]">&gt;&gt;</a>&nbsp;&nbsp;&nbsp;vListInitialise
</UL>
<BR>[Called By]<UL><LI><a href="#[3c1]">&gt;&gt;</a>&nbsp;&nbsp;&nbsp;prvAddNewTaskToReadyList
</UL>

<P><STRONG><a name="[3ed]"></a>prvResetNextTaskUnblockTime</STRONG> (Thumb, 30 bytes, Stack size 0 bytes, tasks.o(i.prvResetNextTaskUnblockTime))
<BR><BR>[Called By]<UL><LI><a href="#[2c6]">&gt;&gt;</a>&nbsp;&nbsp;&nbsp;xTaskIncrementTick
<LI><a href="#[3da]">&gt;&gt;</a>&nbsp;&nbsp;&nbsp;xTaskResumeAll
</UL>

<P><STRONG><a name="[3b6]"></a>inHandlerMode</STRONG> (Thumb, 16 bytes, Stack size 0 bytes, cmsis_os.o(i.inHandlerMode))
<BR><BR>[Called By]<UL><LI><a href="#[247]">&gt;&gt;</a>&nbsp;&nbsp;&nbsp;osSemaphoreRelease
<LI><a href="#[324]">&gt;&gt;</a>&nbsp;&nbsp;&nbsp;osSemaphoreWait
</UL>

<P><STRONG><a name="[3ba]"></a>makeFreeRtosPriority</STRONG> (Thumb, 12 bytes, Stack size 0 bytes, cmsis_os.o(i.makeFreeRtosPriority))
<BR><BR>[Called By]<UL><LI><a href="#[2b4]">&gt;&gt;</a>&nbsp;&nbsp;&nbsp;osThreadCreate
</UL>

<P><STRONG><a name="[3d8]"></a>prvHeapInit</STRONG> (Thumb, 70 bytes, Stack size 0 bytes, heap_4.o(i.prvHeapInit))
<BR><BR>[Called By]<UL><LI><a href="#[3d6]">&gt;&gt;</a>&nbsp;&nbsp;&nbsp;pvPortMalloc
</UL>

<P><STRONG><a name="[3d9]"></a>prvInsertBlockIntoFreeList</STRONG> (Thumb, 84 bytes, Stack size 0 bytes, heap_4.o(i.prvInsertBlockIntoFreeList))
<BR><BR>[Called By]<UL><LI><a href="#[3ca]">&gt;&gt;</a>&nbsp;&nbsp;&nbsp;vPortFree
<LI><a href="#[3d6]">&gt;&gt;</a>&nbsp;&nbsp;&nbsp;pvPortMalloc
</UL>

<P><STRONG><a name="[a7]"></a>prvTaskExitError</STRONG> (Thumb, 42 bytes, Stack size 0 bytes, port.o(i.prvTaskExitError))
<BR>[Address Reference Count : 1]<UL><LI> port.o(i.pxPortInitialiseStack)
</UL>
<P><STRONG><a name="[1ae]"></a>__sti___15_Application_cpp</STRONG> (Thumb, 24 bytes, Stack size 0 bytes, application.o(i.__sti___15_Application_cpp))
<BR>[Address Reference Count : 1]<UL><LI> application.o(.init_array)
</UL>
<P><STRONG><a name="[1af]"></a>__sti___7_LCD_cpp</STRONG> (Thumb, 8 bytes, Stack size 0 bytes, lcd.o(i.__sti___7_LCD_cpp))
<BR>[Address Reference Count : 1]<UL><LI> lcd.o(.init_array)
</UL>
<P><STRONG><a name="[7d]"></a>_printf_input_char</STRONG> (Thumb, 10 bytes, Stack size 0 bytes, _printf_char_common.o(.text))
<BR>[Address Reference Count : 1]<UL><LI> _printf_char_common.o(.text)
</UL>
<P><STRONG><a name="[217]"></a>_fp_digits</STRONG> (Thumb, 432 bytes, Stack size 0 bytes, _printf_fp_dec.o(.text))
<BR><BR>[Calls]<UL><LI><a href="#[20b]">&gt;&gt;</a>&nbsp;&nbsp;&nbsp;_ll_udiv10
<LI><a href="#[21b]">&gt;&gt;</a>&nbsp;&nbsp;&nbsp;_btod_emul
<LI><a href="#[21a]">&gt;&gt;</a>&nbsp;&nbsp;&nbsp;_btod_ediv
<LI><a href="#[219]">&gt;&gt;</a>&nbsp;&nbsp;&nbsp;_btod_d2e
<LI><a href="#[218]">&gt;&gt;</a>&nbsp;&nbsp;&nbsp;_btod_etento
</UL>
<BR>[Called By]<UL><LI><a href="#[21c]">&gt;&gt;</a>&nbsp;&nbsp;&nbsp;_printf_fp_dec_real
</UL>
<P>
<H3>
Undefined Global Symbols
</H3><HR></body></html>
